Component: ARM Compiler 5.06 update 7 (build 960) Tool: armlink [4d3601]

==============================================================================

Section Cross References

    startup_stm32f10x_md.o(STACK) refers (Special) to heapauxi.o(.text) for __use_two_region_memory
    startup_stm32f10x_md.o(HEAP) refers (Special) to heapauxi.o(.text) for __use_two_region_memory
    startup_stm32f10x_md.o(RESET) refers (Special) to heapauxi.o(.text) for __use_two_region_memory
    startup_stm32f10x_md.o(RESET) refers to startup_stm32f10x_md.o(STACK) for __initial_sp
    startup_stm32f10x_md.o(RESET) refers to startup_stm32f10x_md.o(.text) for Reset_Handler
    startup_stm32f10x_md.o(RESET) refers to stm32f10x_it.o(i.NMI_Handler) for NMI_Handler
    startup_stm32f10x_md.o(RESET) refers to stm32f10x_it.o(i.HardFault_Handler) for HardFault_Handler
    startup_stm32f10x_md.o(RESET) refers to stm32f10x_it.o(i.MemManage_Handler) for MemManage_Handler
    startup_stm32f10x_md.o(RESET) refers to stm32f10x_it.o(i.BusFault_Handler) for BusFault_Handler
    startup_stm32f10x_md.o(RESET) refers to stm32f10x_it.o(i.UsageFault_Handler) for UsageFault_Handler
    startup_stm32f10x_md.o(RESET) refers to port.o(.emb_text) for SVC_Handler
    startup_stm32f10x_md.o(RESET) refers to stm32f10x_it.o(i.DebugMon_Handler) for DebugMon_Handler
    startup_stm32f10x_md.o(RESET) refers to port.o(i.SysTick_Handler) for SysTick_Handler
    startup_stm32f10x_md.o(RESET) refers to exti.o(i.EXTI3_IRQHandler) for EXTI3_IRQHandler
    startup_stm32f10x_md.o(RESET) refers to exti.o(i.EXTI4_IRQHandler) for EXTI4_IRQHandler
    startup_stm32f10x_md.o(RESET) refers to exti.o(i.EXTI9_5_IRQHandler) for EXTI9_5_IRQHandler
    startup_stm32f10x_md.o(RESET) refers to timer.o(i.TIM2_IRQHandler) for TIM2_IRQHandler
    startup_stm32f10x_md.o(RESET) refers to lora_moudule.o(i.USART1_IRQHandler) for USART1_IRQHandler
    startup_stm32f10x_md.o(.text) refers (Special) to heapauxi.o(.text) for __use_two_region_memory
    startup_stm32f10x_md.o(.text) refers to system_stm32f10x.o(i.SystemInit) for SystemInit
    startup_stm32f10x_md.o(.text) refers to __main.o(!!!main) for __main
    startup_stm32f10x_md.o(.text) refers to startup_stm32f10x_md.o(HEAP) for Heap_Mem
    startup_stm32f10x_md.o(.text) refers to startup_stm32f10x_md.o(STACK) for Stack_Mem
    system_stm32f10x.o(i.SetSysClock) refers to system_stm32f10x.o(i.SetSysClockTo72) for SetSysClockTo72
    system_stm32f10x.o(i.SystemCoreClockUpdate) refers to system_stm32f10x.o(.data) for SystemCoreClock
    system_stm32f10x.o(i.SystemInit) refers to system_stm32f10x.o(i.SetSysClock) for SetSysClock
    stm32f10x_adc.o(i.ADC_DeInit) refers to stm32f10x_rcc.o(i.RCC_APB2PeriphResetCmd) for RCC_APB2PeriphResetCmd
    stm32f10x_bkp.o(i.BKP_DeInit) refers to stm32f10x_rcc.o(i.RCC_BackupResetCmd) for RCC_BackupResetCmd
    stm32f10x_can.o(i.CAN_DeInit) refers to stm32f10x_rcc.o(i.RCC_APB1PeriphResetCmd) for RCC_APB1PeriphResetCmd
    stm32f10x_can.o(i.CAN_GetITStatus) refers to stm32f10x_can.o(i.CheckITStatus) for CheckITStatus
    stm32f10x_cec.o(i.CEC_DeInit) refers to stm32f10x_rcc.o(i.RCC_APB1PeriphResetCmd) for RCC_APB1PeriphResetCmd
    stm32f10x_dac.o(i.DAC_DeInit) refers to stm32f10x_rcc.o(i.RCC_APB1PeriphResetCmd) for RCC_APB1PeriphResetCmd
    stm32f10x_flash.o(i.FLASH_EnableWriteProtection) refers to stm32f10x_flash.o(i.FLASH_WaitForLastOperation) for FLASH_WaitForLastOperation
    stm32f10x_flash.o(i.FLASH_EraseAllBank1Pages) refers to stm32f10x_flash.o(i.FLASH_WaitForLastBank1Operation) for FLASH_WaitForLastBank1Operation
    stm32f10x_flash.o(i.FLASH_EraseAllPages) refers to stm32f10x_flash.o(i.FLASH_WaitForLastOperation) for FLASH_WaitForLastOperation
    stm32f10x_flash.o(i.FLASH_EraseOptionBytes) refers to stm32f10x_flash.o(i.FLASH_GetReadOutProtectionStatus) for FLASH_GetReadOutProtectionStatus
    stm32f10x_flash.o(i.FLASH_EraseOptionBytes) refers to stm32f10x_flash.o(i.FLASH_WaitForLastOperation) for FLASH_WaitForLastOperation
    stm32f10x_flash.o(i.FLASH_ErasePage) refers to stm32f10x_flash.o(i.FLASH_WaitForLastOperation) for FLASH_WaitForLastOperation
    stm32f10x_flash.o(i.FLASH_ProgramHalfWord) refers to stm32f10x_flash.o(i.FLASH_WaitForLastOperation) for FLASH_WaitForLastOperation
    stm32f10x_flash.o(i.FLASH_ProgramOptionByteData) refers to stm32f10x_flash.o(i.FLASH_WaitForLastOperation) for FLASH_WaitForLastOperation
    stm32f10x_flash.o(i.FLASH_ProgramWord) refers to stm32f10x_flash.o(i.FLASH_WaitForLastOperation) for FLASH_WaitForLastOperation
    stm32f10x_flash.o(i.FLASH_ReadOutProtection) refers to stm32f10x_flash.o(i.FLASH_WaitForLastOperation) for FLASH_WaitForLastOperation
    stm32f10x_flash.o(i.FLASH_UserOptionByteConfig) refers to stm32f10x_flash.o(i.FLASH_WaitForLastOperation) for FLASH_WaitForLastOperation
    stm32f10x_flash.o(i.FLASH_WaitForLastBank1Operation) refers to stm32f10x_flash.o(i.FLASH_GetBank1Status) for FLASH_GetBank1Status
[...]
    i.State_Switch_Judgement_Parallel_Task   0x08002210   Section        0  processes.o(i.State_Switch_Judgement_Parallel_Task)
    i.State_Transition_Judge_Task            0x08002248   Section        0  processes.o(i.State_Transition_Judge_Task)
    i.SysTick_Handler                        0x080022e8   Section        0  port.o(i.SysTick_Handler)
    i.SystemInit                             0x0800231c   Section        0  system_stm32f10x.o(i.SystemInit)
    i.TIM2_IRQHandler                        0x0800237c   Section        0  timer.o(i.TIM2_IRQHandler)
    i.TIM_ClearITPendingBit                  0x080023a4   Section        0  stm32f10x_tim.o(i.TIM_ClearITPendingBit)
    i.USART1_IRQHandler                      0x080023ac   Section        0  lora_moudule.o(i.USART1_IRQHandler)
    i.USART_ClearITPendingBit                0x080023f0   Section        0  stm32f10x_usart.o(i.USART_ClearITPendingBit)
    i.USART_Cmd                              0x0800240e   Section        0  stm32f10x_usart.o(i.USART_Cmd)
    i.USART_GetFlagStatus                    0x08002426   Section        0  stm32f10x_usart.o(i.USART_GetFlagStatus)
    i.USART_GetITStatus                      0x08002440   Section        0  stm32f10x_usart.o(i.USART_GetITStatus)
    i.USART_ITConfig                         0x08002494   Section        0  stm32f10x_usart.o(i.USART_ITConfig)
    i.USART_Init                             0x080024e0   Section        0  stm32f10x_usart.o(i.USART_Init)
    i.USART_ReceiveData                      0x080025b8   Section        0  stm32f10x_usart.o(i.USART_ReceiveData)
    i.USART_SendData                         0x080025c2   Section        0  stm32f10x_usart.o(i.USART_SendData)
    i.UsageFault_Handler                     0x080025ca   Section        0  stm32f10x_it.o(i.UsageFault_Handler)
    i.YELLOW_OFF                             0x080025d0   Section        0  gpio.o(i.YELLOW_OFF)
    i.YELLOW_ON                              0x080025e4   Section        0  gpio.o(i.YELLOW_ON)
    i.main                                   0x080025f8   Section        0  main.o(i.main)
    i.prvAddCurrentTaskToDelayedList         0x08002608   Section        0  tasks.o(i.prvAddCurrentTaskToDelayedList)
    prvAddCurrentTaskToDelayedList           0x08002609   Thumb Code   100  tasks.o(i.prvAddCurrentTaskToDelayedList)
    i.prvAddNewTaskToReadyList               0x08002684   Section        0  tasks.o(i.prvAddNewTaskToReadyList)
    prvAddNewTaskToReadyList                 0x08002685   Thumb Code   154  tasks.o(i.prvAddNewTaskToReadyList)
    i.prvCheckForValidListAndQueue           0x0800273c   Section        0  timers.o(i.prvCheckForValidListAndQueue)
    prvCheckForValidListAndQueue             0x0800273d   Thumb Code    72  timers.o(i.prvCheckForValidListAndQueue)
    i.prvCheckTasksWaitingTermination        0x080027a0   Section        0  tasks.o(i.prvCheckTasksWaitingTermination)
    prvCheckTasksWaitingTermination          0x080027a1   Thumb Code    86  tasks.o(i.prvCheckTasksWaitingTermination)
    i.prvCopyDataFromQueue                   0x08002804   Section        0  queue.o(i.prvCopyDataFromQueue)
    prvCopyDataFromQueue                     0x08002805   Thumb Code    42  queue.o(i.prvCopyDataFromQueue)
    i.prvCopyDataToQueue                     0x0800282e   Section        0  queue.o(i.prvCopyDataToQueue)
    prvCopyDataToQueue                       0x0800282f   Thumb Code   124  queue.o(i.prvCopyDataToQueue)
    i.prvDeleteTCB                           0x080028aa   Section        0  tasks.o(i.prvDeleteTCB)
    prvDeleteTCB                             0x080028ab   Thumb Code    18  tasks.o(i.prvDeleteTCB)
    i.prvGetNextExpireTime                   0x080028bc   Section        0  timers.o(i.prvGetNextExpireTime)
    prvGetNextExpireTime                     0x080028bd   Thumb Code    36  timers.o(i.prvGetNextExpireTime)
    i.prvHeapInit                            0x080028e4   Section        0  heap_4.o(i.prvHeapInit)
    prvHeapInit                              0x080028e5   Thumb Code    98  heap_4.o(i.prvHeapInit)
    i.prvIdleTask                            0x08002960   Section        0  tasks.o(i.prvIdleTask)
    prvIdleTask                              0x08002961   Thumb Code    32  tasks.o(i.prvIdleTask)
    i.prvInitialiseNewQueue                  0x08002988   Section        0  queue.o(i.prvInitialiseNewQueue)
    prvInitialiseNewQueue                    0x08002989   Thumb Code    46  queue.o(i.prvInitialiseNewQueue)
    i.prvInitialiseNewTask                   0x080029b6   Section        0  tasks.o(i.prvInitialiseNewTask)
    prvInitialiseNewTask                     0x080029b7   Thumb Code   144  tasks.o(i.prvInitialiseNewTask)
    i.prvInitialiseTaskLists                 0x08002a48   Section        0  tasks.o(i.prvInitialiseTaskLists)
    prvInitialiseTaskLists                   0x08002a49   Thumb Code    70  tasks.o(i.prvInitialiseTaskLists)
    i.prvInsertBlockIntoFreeList             0x08002ab0   Section        0  heap_4.o(i.prvInsertBlockIntoFreeList)
    prvInsertBlockIntoFreeList               0x08002ab1   Thumb Code    96  heap_4.o(i.prvInsertBlockIntoFreeList)
    i.prvInsertTimerInActiveList             0x08002b18   Section        0  timers.o(i.prvInsertTimerInActiveList)
    prvInsertTimerInActiveList               0x08002b19   Thumb Code    80  timers.o(i.prvInsertTimerInActiveList)
    i.prvIsQueueEmpty                        0x08002b70   Section        0  queue.o(i.prvIsQueueEmpty)
    prvIsQueueEmpty                          0x08002b71   Thumb Code    26  queue.o(i.prvIsQueueEmpty)
    i.prvIsQueueFull                         0x08002b8a   Section        0  queue.o(i.prvIsQueueFull)
    prvIsQueueFull                           0x08002b8b   Thumb Code    30  queue.o(i.prvIsQueueFull)
    i.prvNotifyQueueSetContainer             0x08002ba8   Section        0  queue.o(i.prvNotifyQueueSetContainer)
    prvNotifyQueueSetContainer               0x08002ba9   Thumb Code    82  queue.o(i.prvNotifyQueueSetContainer)
    i.prvProcessExpiredTimer                 0x08002bfc   Section        0  timers.o(i.prvProcessExpiredTimer)
    prvProcessExpiredTimer                   0x08002bfd   Thumb Code    70  timers.o(i.prvProcessExpiredTimer)
    i.prvProcessReceivedCommands             0x08002c48   Section        0  timers.o(i.prvProcessReceivedCommands)
    prvProcessReceivedCommands               0x08002c49   Thumb Code   202  timers.o(i.prvProcessReceivedCommands)
    i.prvProcessTimerOrBlockTask             0x08002d18   Section        0  timers.o(i.prvProcessTimerOrBlockTask)
    prvProcessTimerOrBlockTask               0x08002d19   Thumb Code   102  timers.o(i.prvProcessTimerOrBlockTask)
    i.prvResetNextTaskUnblockTime            0x08002d8c   Section        0  tasks.o(i.prvResetNextTaskUnblockTime)
    prvResetNextTaskUnblockTime              0x08002d8d   Thumb Code    42  tasks.o(i.prvResetNextTaskUnblockTime)
    i.prvSampleTimeNow                       0x08002dc0   Section        0  timers.o(i.prvSampleTimeNow)
    prvSampleTimeNow                         0x08002dc1   Thumb Code    40  timers.o(i.prvSampleTimeNow)
    i.prvSwitchTimerLists                    0x08002dec   Section        0  timers.o(i.prvSwitchTimerLists)
    prvSwitchTimerLists                      0x08002ded   Thumb Code   122  timers.o(i.prvSwitchTimerLists)
    i.prvTaskExitError                       0x08002e70   Section        0  port.o(i.prvTaskExitError)
    prvTaskExitError                         0x08002e71   Thumb Code    22  port.o(i.prvTaskExitError)
    i.prvTimerTask                           0x08002e86   Section        0  timers.o(i.prvTimerTask)
    prvTimerTask                             0x08002e87   Thumb Code    26  timers.o(i.prvTimerTask)
    i.prvUnlockQueue                         0x08002ea0   Section        0  queue.o(i.prvUnlockQueue)
    prvUnlockQueue                           0x08002ea1   Thumb Code   146  queue.o(i.prvUnlockQueue)
    i.pvPortMalloc                           0x08002f34   Section        0  heap_4.o(i.pvPortMalloc)
    i.pvTaskIncrementMutexHeldCount          0x08003004   Section        0  tasks.o(i.pvTaskIncrementMutexHeldCount)
    i.pxPortInitialiseStack                  0x08003024   Section        0  port.o(i.pxPortInitialiseStack)
    i.uxListRemove                           0x08003048   Section        0  list.o(i.uxListRemove)
    i.vListInitialise                        0x08003070   Section        0  list.o(i.vListInitialise)
    i.vListInitialiseItem                    0x0800308a   Section        0  list.o(i.vListInitialiseItem)
    i.vListInsert                            0x08003090   Section        0  list.o(i.vListInsert)
    i.vListInsertEnd                         0x080030c4   Section        0  list.o(i.vListInsertEnd)
    i.vPortEnterCritical                     0x080030dc   Section        0  port.o(i.vPortEnterCritical)
    i.vPortExitCritical                      0x08003100   Section        0  port.o(i.vPortExitCritical)
    i.vPortFree                              0x08003120   Section        0  heap_4.o(i.vPortFree)
    i.vPortSetupTimerInterrupt               0x08003168   Section        0  port.o(i.vPortSetupTimerInterrupt)
    i.vQueueAddToRegistry                    0x08003188   Section        0  queue.o(i.vQueueAddToRegistry)
    i.vQueueWaitForMessageRestricted         0x080031b4   Section        0  queue.o(i.vQueueWaitForMessageRestricted)
    i.vTaskDelay                             0x08003200   Section        0  tasks.o(i.vTaskDelay)
    i.vTaskDelete                            0x08003234   Section        0  tasks.o(i.vTaskDelete)
    i.vTaskMissedYield                       0x080032d4   Section        0  tasks.o(i.vTaskMissedYield)
    i.vTaskPlaceOnEventList                  0x080032e0   Section        0  tasks.o(i.vTaskPlaceOnEventList)
    i.vTaskPlaceOnEventListRestricted        0x08003300   Section        0  tasks.o(i.vTaskPlaceOnEventListRestricted)
    i.vTaskPriorityInherit                   0x08003328   Section        0  tasks.o(i.vTaskPriorityInherit)
    i.vTaskSetTimeOutState                   0x080033b4   Section        0  tasks.o(i.vTaskSetTimeOutState)
    i.vTaskStartScheduler                    0x080033cc   Section        0  tasks.o(i.vTaskStartScheduler)
    i.vTaskSuspendAll                        0x0800343c   Section        0  tasks.o(i.vTaskSuspendAll)
    i.vTaskSwitchContext                     0x0800344c   Section        0  tasks.o(i.vTaskSwitchContext)
    i.xPortStartScheduler                    0x080034c4   Section        0  port.o(i.xPortStartScheduler)
    i.xQueueGenericCreate                    0x080034f8   Section        0  queue.o(i.xQueueGenericCreate)
    i.xQueueGenericReceive                   0x08003530   Section        0  queue.o(i.xQueueGenericReceive)
    i.xQueueGenericReset                     0x0800368c   Section        0  queue.o(i.xQueueGenericReset)
    i.xQueueGenericSend                      0x0800370c   Section        0  queue.o(i.xQueueGenericSend)
    i.xQueueGenericSendFromISR               0x08003844   Section        0  queue.o(i.xQueueGenericSendFromISR)
    i.xTaskCheckForTimeOut                   0x080038e0   Section        0  tasks.o(i.xTaskCheckForTimeOut)
    i.xTaskCreate                            0x0800393c   Section        0  tasks.o(i.xTaskCreate)
    i.xTaskGetSchedulerState                 0x0800399c   Section        0  tasks.o(i.xTaskGetSchedulerState)
    i.xTaskGetTickCount                      0x080039bc   Section        0  tasks.o(i.xTaskGetTickCount)
    i.xTaskIncrementTick                     0x080039c8   Section        0  tasks.o(i.xTaskIncrementTick)
    i.xTaskPriorityDisinherit                0x08003ae0   Section        0  tasks.o(i.xTaskPriorityDisinherit)
    i.xTaskRemoveFromEventList               0x08003b40   Section        0  tasks.o(i.xTaskRemoveFromEventList)
    i.xTaskResumeAll                         0x08003bc0   Section        0  tasks.o(i.xTaskResumeAll)
    i.xTimerCreateTimerTask                  0x08003ca8   Section        0  timers.o(i.xTimerCreateTimerTask)
    i.xTimerGenericCommand                   0x08003ce4   Section        0  timers.o(i.xTimerGenericCommand)
    x$fpl$d2f                                0x08003d50   Section       98  d2f.o(x$fpl$d2f)
    x$fpl$ddiv                               0x08003db4   Section      688  ddiv.o(x$fpl$ddiv)
    ddiv_entry                               0x08003dbb   Thumb Code     0  ddiv.o(x$fpl$ddiv)
    x$fpl$dmul                               0x08004064   Section      340  dmul.o(x$fpl$dmul)
    x$fpl$dnaninf                            0x080041b8   Section      156  dnaninf.o(x$fpl$dnaninf)
    x$fpl$dretinf                            0x08004254   Section       12  dretinf.o(x$fpl$dretinf)
    x$fpl$f2d                                0x08004260   Section       86  f2d.o(x$fpl$f2d)
    x$fpl$fdiv                               0x080042b8   Section      388  fdiv.o(x$fpl$fdiv)
    _fdiv1                                   0x080042b9   Thumb Code     0  fdiv.o(x$fpl$fdiv)
    x$fpl$ffix                               0x0800443c   Section       54  ffix.o(x$fpl$ffix)
    x$fpl$ffltu                              0x08004474   Section       38  fflt_clz.o(x$fpl$ffltu)
    x$fpl$fmul                               0x0800449c   Section      258  fmul.o(x$fpl$fmul)
    x$fpl$fnaninf                            0x0800459e   Section      140  fnaninf.o(x$fpl$fnaninf)
    x$fpl$fretinf                            0x0800462a   Section       10  fretinf.o(x$fpl$fretinf)
    .constdata                               0x08004634   Section     8816  oled.o(.constdata)
    x$fpl$usenofp                            0x08004634   Section        0  usenofp.o(x$fpl$usenofp)
    .data                                    0x20000000   Section       20  system_stm32f10x.o(.data)
    .data                                    0x20000014   Section       20  stm32f10x_rcc.o(.data)
    APBAHBPrescTable                         0x20000014   Data          16  stm32f10x_rcc.o(.data)
    ADCPrescTable                            0x20000024   Data           4  stm32f10x_rcc.o(.data)
    .data                                    0x20000028   Section       21  exti.o(.data)
    .data                                    0x20000040   Section       17  lora_moudule.o(.data)
    .data                                    0x20000054   Section        4  timer.o(.data)
    .data                                    0x20000058   Section       16  battery_voltage.o(.data)
    .data                                    0x20000068   Section       60  tasks.o(.data)
    pxDelayedTaskList                        0x2000006c   Data           4  tasks.o(.data)
    pxOverflowDelayedTaskList                0x20000070   Data           4  tasks.o(.data)
    uxDeletedTasksWaitingCleanUp             0x20000074   Data           4  tasks.o(.data)
    uxCurrentNumberOfTasks                   0x20000078   Data           4  tasks.o(.data)
    xTickCount                               0x2000007c   Data           4  tasks.o(.data)
    uxTopReadyPriority                       0x20000080   Data           4  tasks.o(.data)
    xSchedulerRunning                        0x20000084   Data           4  tasks.o(.data)
    uxPendedTicks                            0x20000088   Data           4  tasks.o(.data)
    xYieldPending                            0x2000008c   Data           4  tasks.o(.data)
    xNumOfOverflows                          0x20000090   Data           4  tasks.o(.data)
    uxTaskNumber                             0x20000094   Data           4  tasks.o(.data)
    xNextTaskUnblockTime                     0x20000098   Data           4  tasks.o(.data)
    xIdleTaskHandle                          0x2000009c   Data           4  tasks.o(.data)
    uxSchedulerSuspended                     0x200000a0   Data           4  tasks.o(.data)
    .data                                    0x200000a4   Section       20  timers.o(.data)
    pxCurrentTimerList                       0x200000a4   Data           4  timers.o(.data)
    pxOverflowTimerList                      0x200000a8   Data           4  timers.o(.data)
    xTimerQueue                              0x200000ac   Data           4  timers.o(.data)
    xTimerTaskHandle                         0x200000b0   Data           4  timers.o(.data)
    xLastTime                                0x200000b4   Data           4  timers.o(.data)
    .data                                    0x200000b8   Section     1024  processes.o(.data)
    .data                                    0x200004b8   Section       44  task_schedule.o(.data)
    .data                                    0x200004e4   Section       24  heap_4.o(.data)
    xStart                                   0x200004e4   Data           8  heap_4.o(.data)
    pxEnd                                    0x200004ec   Data           4  heap_4.o(.data)
    xFreeBytesRemaining                      0x200004f0   Data           4  heap_4.o(.data)
    xMinimumEverFreeBytesRemaining           0x200004f4   Data           4  heap_4.o(.data)
    xBlockAllocatedBit                       0x200004f8   Data           4  heap_4.o(.data)
    .data                                    0x200004fc   Section        4  port.o(.data)
    uxCriticalNesting                        0x200004fc   Data           4  port.o(.data)
    .bss                                     0x20000500   Section      576  oled.o(.bss)
    .bss                                     0x20000740   Section       64  queue.o(.bss)
    .bss                                     0x20000780   Section      200  tasks.o(.bss)
    pxReadyTasksLists                        0x20000780   Data         100  tasks.o(.bss)
    xDelayedTaskList1                        0x200007e4   Data          20  tasks.o(.bss)
    xDelayedTaskList2                        0x200007f8   Data          20  tasks.o(.bss)
    xPendingReadyList                        0x2000080c   Data          20  tasks.o(.bss)
    xTasksWaitingTermination                 0x20000820   Data          20  tasks.o(.bss)
    xSuspendedTaskList                       0x20000834   Data          20  tasks.o(.bss)
    .bss                                     0x20000848   Section       40  timers.o(.bss)
    xActiveTimerList1                        0x20000848   Data          20  timers.o(.bss)
    xActiveTimerList2                        0x2000085c   Data          20  timers.o(.bss)
    .bss                                     0x20000870   Section     5120  heap_4.o(.bss)
    ucHeap                                   0x20000870   Data        5120  heap_4.o(.bss)
    .bss                                     0x20001c70   Section       96  libspace.o(.bss)
    HEAP                                     0x20001cd0   Section      512  startup_stm32f10x_md.o(HEAP)
    Heap_Mem                                 0x20001cd0   Data         512  startup_stm32f10x_md.o(HEAP)
    STACK                                    0x20001ed0   Section     1024  startup_stm32f10x_md.o(STACK)
    Stack_Mem                                0x20001ed0   Data        1024  startup_stm32f10x_md.o(STACK)
    __initial_sp                             0x200022d0   Data           0  startup_stm32f10x_md.o(STACK)

    Global Symbols

    Symbol Name                              Value     Ov Type        Size  Object(Section)

    BuildAttributes$$THM_ISAv4$P$D$K$B$S$PE$A:L22UL41UL21$X:L11$S22US41US21$IEEE1$IW$USESV6$~STKCKD$USESV7$~SHL$OSPACE$ROPI$EBA8$UX$STANDARDLIB$REQ8$PRES8$EABIv2 0x00000000   Number         0  anon$$obj.o ABSOLUTE
    __ARM_use_no_argv                        0x00000000   Number         0  main.o ABSOLUTE
    __ARM_exceptions_init                     - Undefined Weak Reference
    __alloca_initialize                       - Undefined Weak Reference
    __arm_fini_                               - Undefined Weak Reference
    __arm_preinit_                            - Undefined Weak Reference
    __cpp_initialize__aeabi_                  - Undefined Weak Reference
    __cxa_finalize                            - Undefined Weak Reference
    __rt_locale                               - Undefined Weak Reference
    __sigvec_lookup                           - Undefined Weak Reference
    _atexit_init                              - Undefined Weak Reference
    _call_atexit_fns                          - Undefined Weak Reference
    _clock_init                               - Undefined Weak Reference
    _fp_trap_init                             - Undefined Weak Reference
    _fp_trap_shutdown                         - Undefined Weak Reference
    _get_lc_collate                           - Undefined Weak Reference
    _get_lc_ctype                             - Undefined Weak Reference
    _get_lc_monetary                          - Undefined Weak Reference
    _get_lc_numeric                           - Undefined Weak Reference
    _get_lc_time                              - Undefined Weak Reference
    _getenv_init                              - Undefined Weak Reference
    _handle_redirection                       - Undefined Weak Reference
    _init_alloc                               - Undefined Weak Reference
    _init_user_alloc                          - Undefined Weak Reference
    _initio                                   - Undefined Weak Reference
    _printf_mbtowc                            - Undefined Weak Reference
    _printf_post_padding                      - Undefined Weak Reference
    _printf_pre_padding                       - Undefined Weak Reference
    _printf_truncate_signed                   - Undefined Weak Reference
    _printf_truncate_unsigned                 - Undefined Weak Reference
    _rand_init                                - Undefined Weak Reference
    _signal_finish                            - Undefined Weak Reference
    _signal_init                              - Undefined Weak Reference
    _terminate_alloc                          - Undefined Weak Reference
    _terminate_user_alloc                     - Undefined Weak Reference
    _terminateio                              - Undefined Weak Reference
    __Vectors_Size                           0x000000ec   Number         0  startup_stm32f10x_md.o ABSOLUTE
    __Vectors                                0x08000000   Data           4  startup_stm32f10x_md.o(RESET)
    __Vectors_End                            0x080000ec   Data           0  startup_stm32f10x_md.o(RESET)
    __main                                   0x080000ed   Thumb Code     8  __main.o(!!!main)
    __scatterload                            0x080000f5   Thumb Code     0  __scatter.o(!!!scatter)
    __scatterload_rt2                        0x080000f5   Thumb Code    44  __scatter.o(!!!scatter)
    __scatterload_rt2_thumb_only             0x080000f5   Thumb Code     0  __scatter.o(!!!scatter)
    __scatterload_null                       0x08000103   Thumb Code     0  __scatter.o(!!!scatter)
    __decompress                             0x08000129   Thumb Code    90  __dczerorl2.o(!!dczerorl2)
    __decompress1                            0x08000129   Thumb Code     0  __dczerorl2.o(!!dczerorl2)
    __scatterload_zeroinit                   0x08000185   Thumb Code    28  __scatter_zi.o(!!handler_zi)
    __rt_lib_init                            0x080001a1   Thumb Code     0  libinit.o(.ARM.Collect$$libinit$$00000000)
    __rt_lib_init_alloca_1                   0x080001a3   Thumb Code     0  libinit2.o(.ARM.Collect$$libinit$$0000002E)
    __rt_lib_init_argv_1                     0x080001a3   Thumb Code     0  libinit2.o(.ARM.Collect$$libinit$$0000002C)
    __rt_lib_init_atexit_1                   0x080001a3   Thumb Code     0  libinit2.o(.ARM.Collect$$libinit$$0000001B)
    __rt_lib_init_clock_1                    0x080001a3   Thumb Code     0  libinit2.o(.ARM.Collect$$libinit$$00000021)
    __rt_lib_init_cpp_1                      0x080001a3   Thumb Code     0  libinit2.o(.ARM.Collect$$libinit$$00000032)
    __rt_lib_init_exceptions_1               0x080001a3   Thumb Code     0  libinit2.o(.ARM.Collect$$libinit$$00000030)
    __rt_lib_init_fp_1                       0x080001a3   Thumb Code     0  libinit2.o(.ARM.Collect$$libinit$$00000002)
    __rt_lib_init_fp_trap_1                  0x080001a3   Thumb Code     0  libinit2.o(.ARM.Collect$$libinit$$0000001F)
    __rt_lib_init_getenv_1                   0x080001a3   Thumb Code     0  libinit2.o(.ARM.Collect$$libinit$$00000023)
    __rt_lib_init_heap_1                     0x080001a3   Thumb Code     0  libinit2.o(.ARM.Collect$$libinit$$0000000A)
    __rt_lib_init_lc_collate_1               0x080001a3   Thumb Code     0  libinit2.o(.ARM.Collect$$libinit$$00000011)
    __rt_lib_init_lc_ctype_1                 0x080001a3   Thumb Code     0  libinit2.o(.ARM.Collect$$libinit$$00000013)
    __rt_lib_init_lc_monetary_1              0x080001a3   Thumb Code     0  libinit2.o(.ARM.Collect$$libinit$$00000015)
    __rt_lib_init_lc_numeric_1               0x080001a3   Thumb Code     0  libinit2.o(.ARM.Collect$$libinit$$00000017)
    __rt_lib_init_lc_time_1                  0x080001a3   Thumb Code     0  libinit2.o(.ARM.Collect$$libinit$$00000019)
    __rt_lib_init_preinit_1                  0x080001a3   Thumb Code     0  libinit2.o(.ARM.Collect$$libinit$$00000004)
    __rt_lib_init_rand_1                     0x080001a3   Thumb Code     0  libinit2.o(.ARM.Collect$$libinit$$0000000E)
    __rt_lib_init_return                     0x080001a3   Thumb Code     0  libinit2.o(.ARM.Collect$$libinit$$00000033)
    __rt_lib_init_signal_1                   0x080001a3   Thumb Code     0  libinit2.o(.ARM.Collect$$libinit$$0000001D)
    __rt_lib_init_stdio_1                    0x080001a3   Thumb Code     0  libinit2.o(.ARM.Collect$$libinit$$00000025)
    __rt_lib_init_user_alloc_1               0x080001a3   Thumb Code     0  libinit2.o(.ARM.Collect$$libinit$$0000000C)
    __rt_lib_shutdown                        0x080001a5   Thumb Code     0  libshutdown.o(.ARM.Collect$$libshutdown$$00000000)
    __rt_lib_shutdown_cpp_1                  0x080001a7   Thumb Code     0  libshutdown2.o(.ARM.Collect$$libshutdown$$00000004)
    __rt_lib_shutdown_fini_1                 0x080001a7   Thumb Code     0  libshutdown2.o(.ARM.Collect$$libshutdown$$00000002)
    __rt_lib_shutdown_fp_trap_1              0x080001a7   Thumb Code     0  libshutdown2.o(.ARM.Collect$$libshutdown$$00000009)
    __rt_lib_shutdown_heap_1                 0x080001a7   Thumb Code     0  libshutdown2.o(.ARM.Collect$$libshutdown$$00000011)
    __rt_lib_shutdown_return                 0x080001a7   Thumb Code     0  libshutdown2.o(.ARM.Collect$$libshutdown$$00000012)
    __rt_lib_shutdown_signal_1               0x080001a7   Thumb Code     0  libshutdown2.o(.ARM.Collect$$libshutdown$$0000000C)
    __rt_lib_shutdown_stdio_1                0x080001a7   Thumb Code     0  libshutdown2.o(.ARM.Collect$$libshutdown$$00000006)
    __rt_lib_shutdown_user_alloc_1           0x080001a7   Thumb Code     0  libshutdown2.o(.ARM.Collect$$libshutdown$$0000000E)
    __rt_entry                               0x080001a9   Thumb Code     0  __rtentry.o(.ARM.Collect$$rtentry$$00000000)
    __rt_entry_presh_1                       0x080001a9   Thumb Code     0  __rtentry2.o(.ARM.Collect$$rtentry$$00000002)
    __rt_entry_sh                            0x080001a9   Thumb Code     0  __rtentry4.o(.ARM.Collect$$rtentry$$00000004)
    __rt_entry_li                            0x080001af   Thumb Code     0  __rtentry2.o(.ARM.Collect$$rtentry$$0000000A)
    __rt_entry_postsh_1                      0x080001af   Thumb Code     0  __rtentry2.o(.ARM.Collect$$rtentry$$00000009)
    __rt_entry_main                          0x080001b3   Thumb Code     0  __rtentry2.o(.ARM.Collect$$rtentry$$0000000D)
    __rt_entry_postli_1                      0x080001b3   Thumb Code     0  __rtentry2.o(.ARM.Collect$$rtentry$$0000000C)
    __rt_exit                                0x080001bb   Thumb Code     0  rtexit.o(.ARM.Collect$$rtexit$$00000000)
    __rt_exit_ls                             0x080001bd   Thumb Code     0  rtexit2.o(.ARM.Collect$$rtexit$$00000003)
    __rt_exit_prels_1                        0x080001bd   Thumb Code     0  rtexit2.o(.ARM.Collect$$rtexit$$00000002)
    __rt_exit_exit                           0x080001c1   Thumb Code     0  rtexit2.o(.ARM.Collect$$rtexit$$00000004)
    SVC_Handler                              0x080001c9   Thumb Code    32  port.o(.emb_text)
    __asm___6_port_c_39a90d8d__prvStartFirstTask 0x080001ed   Thumb Code    28  port.o(.emb_text)
    PendSV_Handler                           0x0800020d   Thumb Code    72  port.o(.emb_text)
    vPortGetIPSR                             0x08000259   Thumb Code     6  port.o(.emb_text)
    Reset_Handler                            0x08000261   Thumb Code     8  startup_stm32f10x_md.o(.text)
    ADC1_2_IRQHandler                        0x0800027b   Thumb Code     0  startup_stm32f10x_md.o(.text)
    CAN1_RX1_IRQHandler                      0x0800027b   Thumb Code     0  startup_stm32f10x_md.o(.text)
    CAN1_SCE_IRQHandler                      0x0800027b   Thumb Code     0  startup_stm32f10x_md.o(.text)
    DMA1_Channel1_IRQHandler                 0x0800027b   Thumb Code     0  startup_stm32f10x_md.o(.text)
    DMA1_Channel2_IRQHandler                 0x0800027b   Thumb Code     0  startup_stm32f10x_md.o(.text)
    DMA1_Channel3_IRQHandler                 0x0800027b   Thumb Code     0  startup_stm32f10x_md.o(.text)
    DMA1_Channel4_IRQHandler                 0x0800027b   Thumb Code     0  startup_stm32f10x_md.o(.text)
    DMA1_Channel5_IRQHandler                 0x0800027b   Thumb Code     0  startup_stm32f10x_md.o(.text)
    DMA1_Channel6_IRQHandler                 0x0800027b   Thumb Code     0  startup_stm32f10x_md.o(.text)
    DMA1_Channel7_IRQHandler                 0x0800027b   Thumb Code     0  startup_stm32f10x_md.o(.text)
    EXTI0_IRQHandler                         0x0800027b   Thumb Code     0  startup_stm32f10x_md.o(.text)
    EXTI15_10_IRQHandler                     0x0800027b   Thumb Code     0  startup_stm32f10x_md.o(.text)
    EXTI1_IRQHandler                         0x0800027b   Thumb Code     0  startup_stm32f10x_md.o(.text)
    EXTI2_IRQHandler                         0x0800027b   Thumb Code     0  startup_stm32f10x_md.o(.text)
    FLASH_IRQHandler                         0x0800027b   Thumb Code     0  startup_stm32f10x_md.o(.text)
    I2C1_ER_IRQHandler                       0x0800027b   Thumb Code     0  startup_stm32f10x_md.o(.text)
    I2C1_EV_IRQHandler                       0x0800027b   Thumb Code     0  startup_stm32f10x_md.o(.text)
    I2C2_ER_IRQHandler                       0x0800027b   Thumb Code     0  startup_stm32f10x_md.o(.text)
    I2C2_EV_IRQHandler                       0x0800027b   Thumb Code     0  startup_stm32f10x_md.o(.text)
    PVD_IRQHandler                           0x0800027b   Thumb Code     0  startup_stm32f10x_md.o(.text)
    RCC_IRQHandler                           0x0800027b   Thumb Code     0  startup_stm32f10x_md.o(.text)
    RTCAlarm_IRQHandler                      0x0800027b   Thumb Code     0  startup_stm32f10x_md.o(.text)
    RTC_IRQHandler                           0x0800027b   Thumb Code     0  startup_stm32f10x_md.o(.text)
    SPI1_IRQHandler                          0x0800027b   Thumb Code     0  startup_stm32f10x_md.o(.text)
    SPI2_IRQHandler                          0x0800027b   Thumb Code     0  startup_stm32f10x_md.o(.text)
    TAMPER_IRQHandler                        0x0800027b   Thumb Code     0  startup_stm32f10x_md.o(.text)
    TIM1_BRK_IRQHandler                      0x0800027b   Thumb Code     0  startup_stm32f10x_md.o(.text)
    TIM1_CC_IRQHandler                       0x0800027b   Thumb Code     0  startup_stm32f10x_md.o(.text)
    TIM1_TRG_COM_IRQHandler                  0x0800027b   Thumb Code     0  startup_stm32f10x_md.o(.text)
    TIM1_UP_IRQHandler                       0x0800027b   Thumb Code     0  startup_stm32f10x_md.o(.text)
    TIM3_IRQHandler                          0x0800027b   Thumb Code     0  startup_stm32f10x_md.o(.text)
    TIM4_IRQHandler                          0x0800027b   Thumb Code     0  startup_stm32f10x_md.o(.text)
    USART2_IRQHandler                        0x0800027b   Thumb Code     0  startup_stm32f10x_md.o(.text)
    USART3_IRQHandler                        0x0800027b   Thumb Code     0  startup_stm32f10x_md.o(.text)
    USBWakeUp_IRQHandler                     0x0800027b   Thumb Code     0  startup_stm32f10x_md.o(.text)
    USB_HP_CAN1_TX_IRQHandler                0x0800027b   Thumb Code     0  startup_stm32f10x_md.o(.text)
    USB_LP_CAN1_RX0_IRQHandler               0x0800027b   Thumb Code     0  startup_stm32f10x_md.o(.text)
    WWDG_IRQHandler                          0x0800027b   Thumb Code     0  startup_stm32f10x_md.o(.text)
    __user_initial_stackheap                 0x0800027d   Thumb Code     0  startup_stm32f10x_md.o(.text)
    __aeabi_memcpy                           0x080002a1   Thumb Code     0  rt_memcpy_v6.o(.text)
    __rt_memcpy                              0x080002a1   Thumb Code   138  rt_memcpy_v6.o(.text)
    _memcpy_lastbytes                        0x08000307   Thumb Code     0  rt_memcpy_v6.o(.text)
    __aeabi_memset                           0x0800032b   Thumb Code    16  aeabi_memset.o(.text)
    __use_two_region_memory                  0x0800033b   Thumb Code     2  heapauxi.o(.text)
    __rt_heap_escrow$2region                 0x0800033d   Thumb Code     2  heapauxi.o(.text)
    __rt_heap_expand$2region                 0x0800033f   Thumb Code     2  heapauxi.o(.text)
    __aeabi_memcpy4                          0x08000341   Thumb Code     0  rt_memcpy_w.o(.text)
    __aeabi_memcpy8                          0x08000341   Thumb Code     0  rt_memcpy_w.o(.text)
    __rt_memcpy_w                            0x08000341   Thumb Code   100  rt_memcpy_w.o(.text)
    _memcpy_lastbytes_aligned                0x08000389   Thumb Code     0  rt_memcpy_w.o(.text)
    __aeabi_memclr                           0x080003a5   Thumb Code     0  rt_memclr.o(.text)
    __rt_memclr                              0x080003a5   Thumb Code    68  rt_memclr.o(.text)
    _memset                                  0x080003a9   Thumb Code     0  rt_memclr.o(.text)
    __aeabi_memclr4                          0x080003e9   Thumb Code     0  rt_memclr_w.o(.text)
    __aeabi_memclr8                          0x080003e9   Thumb Code     0  rt_memclr_w.o(.text)
    __rt_memclr_w                            0x080003e9   Thumb Code    78  rt_memclr_w.o(.text)
    _memset_w                                0x080003ed   Thumb Code     0  rt_memclr_w.o(.text)
    __user_setup_stackheap                   0x08000437   Thumb Code    74  sys_stackheap_outer.o(.text)
    exit                                     0x08000481   Thumb Code    18  exit.o(.text)
    __user_libspace                          0x08000495   Thumb Code     8  libspace.o(.text)
    __user_perproc_libspace                  0x08000495   Thumb Code     0  libspace.o(.text)
    __user_perthread_libspace                0x08000495   Thumb Code     0  libspace.o(.text)
    _sys_exit                                0x0800049d   Thumb Code     8  sys_exit.o(.text)
    __I$use$semihosting                      0x080004a9   Thumb Code     0  use_no_semi.o(.text)
    __use_no_semihosting_swi                 0x080004a9   Thumb Code     2  use_no_semi.o(.text)
    ADC_Cmd                                  0x080004ab   Thumb Code    22  stm32f10x_adc.o(i.ADC_Cmd)
    __semihosting_library_function           0x080004ab   Thumb Code     0  indicate_semi.o(.text)
    ADC_DMACmd                               0x080004c1   Thumb Code    22  stm32f10x_adc.o(i.ADC_DMACmd)
    ADC_DeInit                               0x080004d9   Thumb Code    78  stm32f10x_adc.o(i.ADC_DeInit)
    ADC_GetCalibrationStatus                 0x08000535   Thumb Code    20  stm32f10x_adc.o(i.ADC_GetCalibrationStatus)
    ADC_GetConversionValue                   0x08000549   Thumb Code     8  stm32f10x_adc.o(i.ADC_GetConversionValue)
    ADC_GetDate                              0x08000551   Thumb Code    32  battery_voltage.o(i.ADC_GetDate)
    ADC_GetFlagStatus                        0x08000575   Thumb Code    18  stm32f10x_adc.o(i.ADC_GetFlagStatus)
    ADC_GetResetCalibrationStatus            0x08000587   Thumb Code    20  stm32f10x_adc.o(i.ADC_GetResetCalibrationStatus)
    ADC_Init                                 0x0800059d   Thumb Code    70  stm32f10x_adc.o(i.ADC_Init)
    ADC_RegularChannelConfig                 0x080005ed   Thumb Code   184  stm32f10x_adc.o(i.ADC_RegularChannelConfig)
    ADC_ResetCalibration                     0x080006a5   Thumb Code    10  stm32f10x_adc.o(i.ADC_ResetCalibration)
    ADC_SoftwareStartConvCmd                 0x080006af   Thumb Code    22  stm32f10x_adc.o(i.ADC_SoftwareStartConvCmd)
    ADC_StartCalibration                     0x080006c5   Thumb Code    10  stm32f10x_adc.o(i.ADC_StartCalibration)
    BEEP_OFF                                 0x080006d1   Thumb Code    14  gpio.o(i.BEEP_OFF)
    BEEP_ON                                  0x080006e5   Thumb Code    14  gpio.o(i.BEEP_ON)
    BLUE_OFF                                 0x080006f9   Thumb Code    12  gpio.o(i.BLUE_OFF)
    BLUE_ON                                  0x08000709   Thumb Code    12  gpio.o(i.BLUE_ON)
    Battery_Monitor_Init                     0x08000719   Thumb Code   160  battery_voltage.o(i.Battery_Monitor_Init)
    Battery_Voltage                          0x080007c1   Thumb Code   188  battery_voltage.o(i.Battery_Voltage)
    Battery_monitor_Task                     0x080008a5   Thumb Code    84  processes.o(i.Battery_monitor_Task)
    BusFault_Handler                         0x08000905   Thumb Code     4  stm32f10x_it.o(i.BusFault_Handler)
    Connection_Status_Monitor_Task           0x08000909   Thumb Code   118  processes.o(i.Connection_Status_Monitor_Task)
    DebugMon_Handler                         0x0800098d   Thumb Code     2  stm32f10x_it.o(i.DebugMon_Handler)
    Delay_ms                                 0x0800098f   Thumb Code    24  delay.o(i.Delay_ms)
    Delay_us                                 0x080009a7   Thumb Code    46  delay.o(i.Delay_us)
    EXTI3_IRQHandler                         0x080009d5   Thumb Code    38  exti.o(i.EXTI3_IRQHandler)
    EXTI4_IRQHandler                         0x08000a01   Thumb Code    56  exti.o(i.EXTI4_IRQHandler)
    EXTI9_5_IRQHandler                       0x08000a49   Thumb Code   118  exti.o(i.EXTI9_5_IRQHandler)
    EXTI_ClearITPendingBit                   0x08000ad9   Thumb Code     6  stm32f10x_exti.o(i.EXTI_ClearITPendingBit)
    EXTI_GetITStatus                         0x08000ae5   Thumb Code    34  stm32f10x_exti.o(i.EXTI_GetITStatus)
    EXTI_Init                                0x08000b0d   Thumb Code   142  stm32f10x_exti.o(i.EXTI_Init)
    First_Task                               0x08000ba1   Thumb Code    28  task_schedule.o(i.First_Task)
    GO_Key_Schedule_Task                     0x08000bd1   Thumb Code   306  processes.o(i.GO_Key_Schedule_Task)
    GPIOS_Init                               0x08000d2d   Thumb Code   128  gpio.o(i.GPIOS_Init)
    GPIO_EXTILineConfig                      0x08000db5   Thumb Code    60  stm32f10x_gpio.o(i.GPIO_EXTILineConfig)
    GPIO_Init                                0x08000df5   Thumb Code   278  stm32f10x_gpio.o(i.GPIO_Init)
    GPIO_PinRemapConfig                      0x08000f0d   Thumb Code   138  stm32f10x_gpio.o(i.GPIO_PinRemapConfig)
    GPIO_ReadInputDataBit                    0x08000f9d   Thumb Code    18  stm32f10x_gpio.o(i.GPIO_ReadInputDataBit)
    GPIO_ResetBits                           0x08000faf   Thumb Code     4  stm32f10x_gpio.o(i.GPIO_ResetBits)
    GPIO_SetBits                             0x08000fb3   Thumb Code     4  stm32f10x_gpio.o(i.GPIO_SetBits)
    GREEN_OFF                                0x08000fb9   Thumb Code    12  gpio.o(i.GREEN_OFF)
    GREEN_ON                                 0x08000fc9   Thumb Code    12  gpio.o(i.GREEN_ON)
    HardFault_Handler                        0x08000fd9   Thumb Code     4  stm32f10x_it.o(i.HardFault_Handler)
    Hardware_Init                            0x08000fdd   Thumb Code   462  processes.o(i.Hardware_Init)
    I2C_Start                                0x080011c9   Thumb Code    48  oled.o(i.I2C_Start)
    I2C_Stop                                 0x080011fd   Thumb Code    32  oled.o(i.I2C_Stop)
    I2C_WaitAck                              0x08001221   Thumb Code    40  oled.o(i.I2C_WaitAck)
    IIC_delay                                0x0800124d   Thumb Code    16  oled.o(i.IIC_delay)
    Indicator_BEEP_Task                      0x0800125d   Thumb Code    58  processes.o(i.Indicator_BEEP_Task)
    Indicator_LED_Task                       0x080012a1   Thumb Code   108  processes.o(i.Indicator_LED_Task)
    KEY_Init                                 0x08001315   Thumb Code   196  exti.o(i.KEY_Init)
    Lora_Init                                0x080013dd   Thumb Code   220  lora_moudule.o(i.Lora_Init)
    Lora_Normal_Mode                         0x080014c5   Thumb Code    24  lora_moudule.o(i.Lora_Normal_Mode)
    Lora_SendByte                            0x080014e5   Thumb Code    28  lora_moudule.o(i.Lora_SendByte)
    Lora_Send_Task                           0x08001505   Thumb Code    18  processes.o(i.Lora_Send_Task)
    MemManage_Handler                        0x0800151d   Thumb Code     4  stm32f10x_it.o(i.MemManage_Handler)
    NMI_Handler                              0x08001521   Thumb Code     2  stm32f10x_it.o(i.NMI_Handler)
    NVIC_Init                                0x08001525   Thumb Code   100  misc.o(i.NVIC_Init)
    NVIC_PriorityGroupConfig                 0x08001595   Thumb Code    10  misc.o(i.NVIC_PriorityGroupConfig)
    OLED_Clear                               0x080015a9   Thumb Code    42  oled.o(i.OLED_Clear)
    OLED_DrawPoint                           0x080015d9   Thumb Code   114  oled.o(i.OLED_DrawPoint)
    OLED_Init                                0x08001651   Thumb Code   338  oled.o(i.OLED_Init)
    OLED_Pow                                 0x080017ad   Thumb Code    22  oled.o(i.OLED_Pow)
    OLED_Refresh                             0x080017c5   Thumb Code   100  oled.o(i.OLED_Refresh)
    OLED_ShowChar                            0x0800182d   Thumb Code   300  oled.o(i.OLED_ShowChar)
    OLED_ShowChinese                         0x08001969   Thumb Code   284  oled.o(i.OLED_ShowChinese)
    OLED_ShowNum                             0x08001a9d   Thumb Code   140  oled.o(i.OLED_ShowNum)
    OLED_ShowPicture                         0x08001b29   Thumb Code   214  oled.o(i.OLED_ShowPicture)
    OLED_ShowString                          0x08001bff   Thumb Code    74  oled.o(i.OLED_ShowString)
    OLED_Task                                0x08001c49   Thumb Code   190  processes.o(i.OLED_Task)
    OLED_WR_Byte                             0x08001d19   Thumb Code    56  oled.o(i.OLED_WR_Byte)
    Offline_Task                             0x08001d51   Thumb Code    22  processes.o(i.Offline_Task)
    RCC_ADCCLKConfig                         0x08001d6d   Thumb Code    18  stm32f10x_rcc.o(i.RCC_ADCCLKConfig)
    RCC_APB2PeriphClockCmd                   0x08001d85   Thumb Code    26  stm32f10x_rcc.o(i.RCC_APB2PeriphClockCmd)
    RCC_APB2PeriphResetCmd                   0x08001da5   Thumb Code    26  stm32f10x_rcc.o(i.RCC_APB2PeriphResetCmd)
    RCC_GetClocksFreq                        0x08001dc5   Thumb Code   192  stm32f10x_rcc.o(i.RCC_GetClocksFreq)
    RED_OFF                                  0x08001e99   Thumb Code    14  gpio.o(i.RED_OFF)
    RED_ON                                   0x08001ead   Thumb Code    14  gpio.o(i.RED_ON)
    Send_Byte                                0x08001ec1   Thumb Code    70  oled.o(i.Send_Byte)
    Start_Task                               0x08001ff5   Thumb Code   222  task_schedule.o(i.Start_Task)
    State_Switch_Judgement_Parallel_Task     0x08002211   Thumb Code    46  processes.o(i.State_Switch_Judgement_Parallel_Task)
    State_Transition_Judge_Task              0x08002249   Thumb Code   138  processes.o(i.State_Transition_Judge_Task)
    SysTick_Handler                          0x080022e9   Thumb Code    46  port.o(i.SysTick_Handler)
    SystemInit                               0x0800231d   Thumb Code    78  system_stm32f10x.o(i.SystemInit)
    TIM2_IRQHandler                          0x0800237d   Thumb Code    34  timer.o(i.TIM2_IRQHandler)
    TIM_ClearITPendingBit                    0x080023a5   Thumb Code     6  stm32f10x_tim.o(i.TIM_ClearITPendingBit)
    USART1_IRQHandler                        0x080023ad   Thumb Code    50  lora_moudule.o(i.USART1_IRQHandler)
    USART_ClearITPendingBit                  0x080023f1   Thumb Code    30  stm32f10x_usart.o(i.USART_ClearITPendingBit)
    USART_Cmd                                0x0800240f   Thumb Code    24  stm32f10x_usart.o(i.USART_Cmd)
    USART_GetFlagStatus                      0x08002427   Thumb Code    26  stm32f10x_usart.o(i.USART_GetFlagStatus)
    USART_GetITStatus                        0x08002441   Thumb Code    84  stm32f10x_usart.o(i.USART_GetITStatus)
    USART_ITConfig                           0x08002495   Thumb Code    74  stm32f10x_usart.o(i.USART_ITConfig)
    USART_Init                               0x080024e1   Thumb Code   210  stm32f10x_usart.o(i.USART_Init)
    USART_ReceiveData                        0x080025b9   Thumb Code    10  stm32f10x_usart.o(i.USART_ReceiveData)
    USART_SendData                           0x080025c3   Thumb Code     8  stm32f10x_usart.o(i.USART_SendData)
    UsageFault_Handler                       0x080025cb   Thumb Code     4  stm32f10x_it.o(i.UsageFault_Handler)
    YELLOW_OFF                               0x080025d1   Thumb Code    14  gpio.o(i.YELLOW_OFF)
    YELLOW_ON                                0x080025e5   Thumb Code    14  gpio.o(i.YELLOW_ON)
    main                                     0x080025f9   Thumb Code    14  main.o(i.main)
    pvPortMalloc                             0x08002f35   Thumb Code   188  heap_4.o(i.pvPortMalloc)
    pvTaskIncrementMutexHeldCount            0x08003005   Thumb Code    26  tasks.o(i.pvTaskIncrementMutexHeldCount)
    pxPortInitialiseStack                    0x08003025   Thumb Code    30  port.o(i.pxPortInitialiseStack)
    uxListRemove                             0x08003049   Thumb Code    40  list.o(i.uxListRemove)
    vListInitialise                          0x08003071   Thumb Code    26  list.o(i.vListInitialise)
    vListInitialiseItem                      0x0800308b   Thumb Code     6  list.o(i.vListInitialiseItem)
    vListInsert                              0x08003091   Thumb Code    52  list.o(i.vListInsert)
    vListInsertEnd                           0x080030c5   Thumb Code    24  list.o(i.vListInsertEnd)
    vPortEnterCritical                       0x080030dd   Thumb Code    30  port.o(i.vPortEnterCritical)
    vPortExitCritical                        0x08003101   Thumb Code    28  port.o(i.vPortExitCritical)
    vPortFree                                0x08003121   Thumb Code    64  heap_4.o(i.vPortFree)
    vPortSetupTimerInterrupt                 0x08003169   Thumb Code    26  port.o(i.vPortSetupTimerInterrupt)
    vQueueAddToRegistry                      0x08003189   Thumb Code    38  queue.o(i.vQueueAddToRegistry)
    vQueueWaitForMessageRestricted           0x080031b5   Thumb Code    74  queue.o(i.vQueueWaitForMessageRestricted)
    vTaskDelay                               0x08003201   Thumb Code    46  tasks.o(i.vTaskDelay)
    vTaskDelete                              0x08003235   Thumb Code   132  tasks.o(i.vTaskDelete)
    vTaskMissedYield                         0x080032d5   Thumb Code     8  tasks.o(i.vTaskMissedYield)
    vTaskPlaceOnEventList                    0x080032e1   Thumb Code    28  tasks.o(i.vTaskPlaceOnEventList)
    vTaskPlaceOnEventListRestricted          0x08003301   Thumb Code    36  tasks.o(i.vTaskPlaceOnEventListRestricted)
    vTaskPriorityInherit                     0x08003329   Thumb Code   128  tasks.o(i.vTaskPriorityInherit)
    vTaskSetTimeOutState                     0x080033b5   Thumb Code    14  tasks.o(i.vTaskSetTimeOutState)
    vTaskStartScheduler                      0x080033cd   Thumb Code    82  tasks.o(i.vTaskStartScheduler)
    vTaskSuspendAll                          0x0800343d   Thumb Code    12  tasks.o(i.vTaskSuspendAll)
    vTaskSwitchContext                       0x0800344d   Thumb Code    98  tasks.o(i.vTaskSwitchContext)
    xPortStartScheduler                      0x080034c5   Thumb Code    42  port.o(i.xPortStartScheduler)
    xQueueGenericCreate                      0x080034f9   Thumb Code    56  queue.o(i.xQueueGenericCreate)
    xQueueGenericReceive                     0x08003531   Thumb Code   342  queue.o(i.xQueueGenericReceive)
    xQueueGenericReset                       0x0800368d   Thumb Code   122  queue.o(i.xQueueGenericReset)
    xQueueGenericSend                        0x0800370d   Thumb Code   308  queue.o(i.xQueueGenericSend)
    xQueueGenericSendFromISR                 0x08003845   Thumb Code   156  queue.o(i.xQueueGenericSendFromISR)
    xTaskCheckForTimeOut                     0x080038e1   Thumb Code    84  tasks.o(i.xTaskCheckForTimeOut)
    xTaskCreate                              0x0800393d   Thumb Code    96  tasks.o(i.xTaskCreate)
    xTaskGetSchedulerState                   0x0800399d   Thumb Code    24  tasks.o(i.xTaskGetSchedulerState)
    xTaskGetTickCount                        0x080039bd   Thumb Code     6  tasks.o(i.xTaskGetTickCount)
    xTaskIncrementTick                       0x080039c9   Thumb Code   236  tasks.o(i.xTaskIncrementTick)
    xTaskPriorityDisinherit                  0x08003ae1   Thumb Code    86  tasks.o(i.xTaskPriorityDisinherit)
    xTaskRemoveFromEventList                 0x08003b41   Thumb Code   102  tasks.o(i.xTaskRemoveFromEventList)
    xTaskResumeAll                           0x08003bc1   Thumb Code   194  tasks.o(i.xTaskResumeAll)
    xTimerCreateTimerTask                    0x08003ca9   Thumb Code    40  timers.o(i.xTimerCreateTimerTask)
    xTimerGenericCommand                     0x08003ce5   Thumb Code   104  timers.o(i.xTimerGenericCommand)
    __aeabi_d2f                              0x08003d51   Thumb Code     0  d2f.o(x$fpl$d2f)
    _d2f                                     0x08003d51   Thumb Code    98  d2f.o(x$fpl$d2f)
    __aeabi_ddiv                             0x08003db5   Thumb Code     0  ddiv.o(x$fpl$ddiv)
    _ddiv                                    0x08003db5   Thumb Code   552  ddiv.o(x$fpl$ddiv)
    __aeabi_dmul                             0x08004065   Thumb Code     0  dmul.o(x$fpl$dmul)
    _dmul                                    0x08004065   Thumb Code   332  dmul.o(x$fpl$dmul)
    __fpl_dnaninf                            0x080041b9   Thumb Code   156  dnaninf.o(x$fpl$dnaninf)
    __fpl_dretinf                            0x08004255   Thumb Code    12  dretinf.o(x$fpl$dretinf)
    __aeabi_f2d                              0x08004261   Thumb Code     0  f2d.o(x$fpl$f2d)
    _f2d                                     0x08004261   Thumb Code    86  f2d.o(x$fpl$f2d)
    __aeabi_fdiv                             0x080042b9   Thumb Code     0  fdiv.o(x$fpl$fdiv)
    _fdiv                                    0x080042b9   Thumb Code   384  fdiv.o(x$fpl$fdiv)
    __aeabi_f2iz                             0x0800443d   Thumb Code     0  ffix.o(x$fpl$ffix)
    _ffix                                    0x0800443d   Thumb Code    54  ffix.o(x$fpl$ffix)
    __aeabi_ui2f                             0x08004475   Thumb Code     0  fflt_clz.o(x$fpl$ffltu)
    _ffltu                                   0x08004475   Thumb Code    38  fflt_clz.o(x$fpl$ffltu)
    __aeabi_fmul                             0x0800449d   Thumb Code     0  fmul.o(x$fpl$fmul)
    _fmul                                    0x0800449d   Thumb Code   258  fmul.o(x$fpl$fmul)
    __fpl_fnaninf                            0x0800459f   Thumb Code   140  fnaninf.o(x$fpl$fnaninf)
    __fpl_fretinf                            0x0800462b   Thumb Code    10  fretinf.o(x$fpl$fretinf)
    __I$use$fp                               0x08004634   Number         0  usenofp.o(x$fpl$usenofp)
    asc2_0806                                0x08004634   Data         552  oled.o(.constdata)
    asc2_1206                                0x0800485c   Data        1140  oled.o(.constdata)
    asc2_1608                                0x08004cd0   Data        1520  oled.o(.constdata)
    asc2_2412                                0x080052c0   Data        3420  oled.o(.constdata)
    Hzk1                                     0x0800601c   Data         512  oled.o(.constdata)
    Hzk2                                     0x0800621c   Data         504  oled.o(.constdata)
    Hzk3                                     0x08006414   Data         128  oled.o(.constdata)
    Hzk4                                     0x08006494   Data         512  oled.o(.constdata)
    Hzk5                                     0x08006694   Data         360  oled.o(.constdata)
    Hzk6                                     0x080067fc   Data         168  oled.o(.constdata)
    Region$$Table$$Base                      0x080068a4   Number         0  anon$$obj.o(Region$$Table)
    Region$$Table$$Limit                     0x080068c4   Number         0  anon$$obj.o(Region$$Table)
    SystemCoreClock                          0x20000000   Data           4  system_stm32f10x.o(.data)
    AHBPrescTable                            0x20000004   Data          16  system_stm32f10x.o(.data)
    SWITCH_KEY_Flag                          0x20000028   Data           4  exti.o(.data)
    GO_Key_Flag                              0x2000002c   Data           4  exti.o(.data)
    GO_Key_Count                             0x20000030   Data           4  exti.o(.data)
    Old_GO_Key_Flag                          0x20000034   Data           4  exti.o(.data)
    GO_Key_End                               0x20000038   Data           4  exti.o(.data)
    GO_Exit_Flag                             0x2000003c   Data           1  exti.o(.data)
    RES_Receiver_State                       0x20000040   Data           2  lora_moudule.o(.data)
    Vehicle_State_Flag                       0x20000042   Data           1  lora_moudule.o(.data)
    Msg_count                                0x20000043   Data           1  lora_moudule.o(.data)
    Offline_count                            0x20000044   Data           2  lora_moudule.o(.data)
    Offline_Flag                             0x20000046   Data           1  lora_moudule.o(.data)
    RES_STATE                                0x20000047   Data           1  lora_moudule.o(.data)
    Old_RES_STATE                            0x20000048   Data           1  lora_moudule.o(.data)
    State_Error                              0x2000004c   Data           4  lora_moudule.o(.data)
    State_Switch_Count                       0x20000050   Data           1  lora_moudule.o(.data)
    Timenum                                  0x20000054   Data           4  timer.o(.data)
    Voltage                                  0x20000058   Data           4  battery_voltage.o(.data)
    voltage_first                            0x2000005c   Data           4  battery_voltage.o(.data)
    voltage_second                           0x20000060   Data           4  battery_voltage.o(.data)
    voltage_third                            0x20000064   Data           4  battery_voltage.o(.data)
    pxCurrentTCB                             0x20000068   Data           4  tasks.o(.data)
    BMP1                                     0x200000b8   Data         512  processes.o(.data)
    BMP2                                     0x200002b8   Data         512  processes.o(.data)
    StartTask_Handler                        0x200004b8   Data           4  task_schedule.o(.data)
    OLEDTask_Handler                         0x200004bc   Data           4  task_schedule.o(.data)
    Battery_monitorTask_Handler              0x200004c0   Data           4  task_schedule.o(.data)
    Lora_SendTask_Handler                    0x200004c4   Data           4  task_schedule.o(.data)
    Connection_Status_MonitorTask_Handler    0x200004c8   Data           4  task_schedule.o(.data)
    GO_Key_ScheduleTask_Handler              0x200004cc   Data           4  task_schedule.o(.data)
    Indicator_LEDTask_Handler                0x200004d0   Data           4  task_schedule.o(.data)
    Indicator_BEEPTask_Handler               0x200004d4   Data           4  task_schedule.o(.data)
    State_Transition_JudgeTask_Handler       0x200004d8   Data           4  task_schedule.o(.data)
    OfflineTask_Handler                      0x200004dc   Data           4  task_schedule.o(.data)
    State_Switch_Judgement_ParallelTask_Handler 0x200004e0   Data           4  task_schedule.o(.data)
    OLED_GRAM                                0x20000500   Data         576  oled.o(.bss)
    xQueueRegistry                           0x20000740   Data          64  queue.o(.bss)
    __libspace_start                         0x20001c70   Data          96  libspace.o(.bss)
    __temporary_stack_top$libspace           0x20001cd0   Data           0  libspace.o(.bss)



==============================================================================

Memory Map of the image

  Image Entry point : 0x080000ed

  Load Region LR_IROM1 (Base: 0x08000000, Size: 0x00006dc4, Max: 0x00010000, ABSOLUTE, COMPRESSED[0x00006a9c])

    Execution Region ER_IROM1 (Exec base: 0x08000000, Load base: 0x08000000, Size: 0x000068c4, Max: 0x00010000, ABSOLUTE)

    Exec Addr    Load Addr    Size         Type   Attr      Idx    E Section Name        Object

    0x08000000   0x08000000   0x000000ec   Data   RO            3    RESET               startup_stm32f10x_md.o
    0x080000ec   0x080000ec   0x00000008   Code   RO         5003  * !!!main             c_w.l(__main.o)
    0x080000f4   0x080000f4   0x00000034   Code   RO         5216    !!!scatter          c_w.l(__scatter.o)
    0x08000128   0x08000128   0x0000005a   Code   RO         5214    !!dczerorl2         c_w.l(__dczerorl2.o)
    0x08000182   0x08000182   0x00000002   PAD
    0x08000184   0x08000184   0x0000001c   Code   RO         5218    !!handler_zi        c_w.l(__scatter_zi.o)
    0x080001a0   0x080001a0   0x00000002   Code   RO         5082    .ARM.Collect$$libinit$$00000000  c_w.l(libinit.o)
    0x080001a2   0x080001a2   0x00000000   Code   RO         5089    .ARM.Collect$$libinit$$00000002  c_w.l(libinit2.o)
    0x080001a2   0x080001a2   0x00000000   Code   RO         5091    .ARM.Collect$$libinit$$00000004  c_w.l(libinit2.o)
    0x080001a2   0x080001a2   0x00000000   Code   RO         5094    .ARM.Collect$$libinit$$0000000A  c_w.l(libinit2.o)
    0x080001a2   0x080001a2   0x00000000   Code   RO         5096    .ARM.Collect$$libinit$$0000000C  c_w.l(libinit2.o)
    0x080001a2   0x080001a2   0x00000000   Code   RO         5098    .ARM.Collect$$libinit$$0000000E  c_w.l(libinit2.o)
    0x080001a2   0x080001a2   0x00000000   Code   RO         5101    .ARM.Collect$$libinit$$00000011  c_w.l(libinit2.o)
    0x080001a2   0x080001a2   0x00000000   Code   RO         5103    .ARM.Collect$$libinit$$00000013  c_w.l(libinit2.o)
    0x080001a2   0x080001a2   0x00000000   Code   RO         5105    .ARM.Collect$$libinit$$00000015  c_w.l(libinit2.o)
    0x080001a2   0x080001a2   0x00000000   Code   RO         5107    .ARM.Collect$$libinit$$00000017  c_w.l(libinit2.o)
    0x080001a2   0x080001a2   0x00000000   Code   RO         5109    .ARM.Collect$$libinit$$00000019  c_w.l(libinit2.o)
    0x080001a2   0x080001a2   0x00000000   Code   RO         5111    .ARM.Collect$$libinit$$0000001B  c_w.l(libinit2.o)
    0x080001a2   0x080001a2   0x00000000   Code   RO         5113    .ARM.Collect$$libinit$$0000001D  c_w.l(libinit2.o)
    0x080001a2   0x080001a2   0x00000000   Code   RO         5115    .ARM.Collect$$libinit$$0000001F  c_w.l(libinit2.o)
    0x080001a2   0x080001a2   0x00000000   Code   RO         5117    .ARM.Collect$$libinit$$00000021  c_w.l(libinit2.o)
    0x080001a2   0x080001a2   0x00000000   Code   RO         5119    .ARM.Collect$$libinit$$00000023  c_w.l(libinit2.o)
    0x080001a2   0x080001a2   0x00000000   Code   RO         5121    .ARM.Collect$$libinit$$00000025  c_w.l(libinit2.o)
    0x080001a2   0x080001a2   0x00000000   Code   RO         5125    .ARM.Collect$$libinit$$0000002C  c_w.l(libinit2.o)
    0x080001a2   0x080001a2   0x00000000   Code   RO         5127    .ARM.Collect$$libinit$$0000002E  c_w.l(libinit2.o)
    0x080001a2   0x080001a2   0x00000000   Code   RO         5129    .ARM.Collect$$libinit$$00000030  c_w.l(libinit2.o)
    0x080001a2   0x080001a2   0x00000000   Code   RO         5131    .ARM.Collect$$libinit$$00000032  c_w.l(libinit2.o)
    0x080001a2   0x080001a2   0x00000002   Code   RO         5132    .ARM.Collect$$libinit$$00000033  c_w.l(libinit2.o)
    0x080001a4   0x080001a4   0x00000002   Code   RO         5152    .ARM.Collect$$libshutdown$$00000000  c_w.l(libshutdown.o)
    0x080001a6   0x080001a6   0x00000000   Code   RO         5165    .ARM.Collect$$libshutdown$$00000002  c_w.l(libshutdown2.o)
    0x080001a6   0x080001a6   0x00000000   Code   RO         5167    .ARM.Collect$$libshutdown$$00000004  c_w.l(libshutdown2.o)
    0x080001a6   0x080001a6   0x00000000   Code   RO         5169    .ARM.Collect$$libshutdown$$00000006  c_w.l(libshutdown2.o)
    0x080001a6   0x080001a6   0x00000000   Code   RO         5172    .ARM.Collect$$libshutdown$$00000009  c_w.l(libshutdown2.o)
    0x080001a6   0x080001a6   0x00000000   Code   RO         5175    .ARM.Collect$$libshutdown$$0000000C  c_w.l(libshutdown2.o)
    0x080001a6   0x080001a6   0x00000000   Code   RO         5177    .ARM.Collect$$libshutdown$$0000000E  c_w.l(libshutdown2.o)
    0x080001a6   0x080001a6   0x00000000   Code   RO         5180    .ARM.Collect$$libshutdown$$00000011  c_w.l(libshutdown2.o)
    0x080001a6   0x080001a6   0x00000002   Code   RO         5181    .ARM.Collect$$libshutdown$$00000012  c_w.l(libshutdown2.o)
    0x080001a8   0x080001a8   0x00000000   Code   RO         5031    .ARM.Collect$$rtentry$$00000000  c_w.l(__rtentry.o)
    0x080001a8   0x080001a8   0x00000000   Code   RO         5055    .ARM.Collect$$rtentry$$00000002  c_w.l(__rtentry2.o)
    0x080001a8   0x080001a8   0x00000006   Code   RO         5067    .ARM.Collect$$rtentry$$00000004  c_w.l(__rtentry4.o)
    0x080001ae   0x080001ae   0x00000000   Code   RO         5057    .ARM.Collect$$rtentry$$00000009  c_w.l(__rtentry2.o)
    0x080001ae   0x080001ae   0x00000004   Code   RO         5058    .ARM.Collect$$rtentry$$0000000A  c_w.l(__rtentry2.o)
    0x080001b2   0x080001b2   0x00000000   Code   RO         5060    .ARM.Collect$$rtentry$$0000000C  c_w.l(__rtentry2.o)
    0x080001b2   0x080001b2   0x00000008   Code   RO         5061    .ARM.Collect$$rtentry$$0000000D  c_w.l(__rtentry2.o)
    0x080001ba   0x080001ba   0x00000002   Code   RO         5086    .ARM.Collect$$rtexit$$00000000  c_w.l(rtexit.o)
    0x080001bc   0x080001bc   0x00000000   Code   RO         5134    .ARM.Collect$$rtexit$$00000002  c_w.l(rtexit2.o)
    0x080001bc   0x080001bc   0x00000004   Code   RO         5135    .ARM.Collect$$rtexit$$00000003  c_w.l(rtexit2.o)
    0x080001c0   0x080001c0   0x00000006   Code   RO         5136    .ARM.Collect$$rtexit$$00000004  c_w.l(rtexit2.o)
    0x080001c6   0x080001c6   0x00000002   PAD
    0x080001c8   0x080001c8   0x00000096   Code   RO         4887    .emb_text           port.o
    0x0800025e   0x0800025e   0x00000002   PAD
    0x08000260   0x08000260   0x00000040   Code   RO            4    .text               startup_stm32f10x_md.o
    0x080002a0   0x080002a0   0x0000008a   Code   RO         4997    .text               c_w.l(rt_memcpy_v6.o)
    0x0800032a   0x0800032a   0x00000010   Code   RO         4999    .text               c_w.l(aeabi_memset.o)
    0x0800033a   0x0800033a   0x00000006   Code   RO         5001    .text               c_w.l(heapauxi.o)
    0x08000340   0x08000340   0x00000064   Code   RO         5041    .text               c_w.l(rt_memcpy_w.o)
    0x080003a4   0x080003a4   0x00000044   Code   RO         5043    .text               c_w.l(rt_memclr.o)
    0x080003e8   0x080003e8   0x0000004e   Code   RO         5071    .text               c_w.l(rt_memclr_w.o)
    0x08000436   0x08000436   0x0000004a   Code   RO         5073    .text               c_w.l(sys_stackheap_outer.o)
    0x08000480   0x08000480   0x00000012   Code   RO         5075    .text               c_w.l(exit.o)
    0x08000492   0x08000492   0x00000002   PAD
    0x08000494   0x08000494   0x00000008   Code   RO         5083    .text               c_w.l(libspace.o)
    0x0800049c   0x0800049c   0x0000000c   Code   RO         5144    .text               c_w.l(sys_exit.o)
    0x080004a8   0x080004a8   0x00000002   Code   RO         5155    .text               c_w.l(use_no_semi.o)
    0x080004aa   0x080004aa   0x00000000   Code   RO         5157    .text               c_w.l(indicate_semi.o)
    0x080004aa   0x080004aa   0x00000016   Code   RO          202    i.ADC_Cmd           stm32f10x_adc.o
    0x080004c0   0x080004c0   0x00000016   Code   RO          203    i.ADC_DMACmd        stm32f10x_adc.o
    0x080004d6   0x080004d6   0x00000002   PAD
    0x080004d8   0x080004d8   0x0000005c   Code   RO          204    i.ADC_DeInit        stm32f10x_adc.o
    0x08000534   0x08000534   0x00000014   Code   RO          210    i.ADC_GetCalibrationStatus  stm32f10x_adc.o
    0x08000548   0x08000548   0x00000008   Code   RO          211    i.ADC_GetConversionValue  stm32f10x_adc.o
    0x08000550   0x08000550   0x00000024   Code   RO         3719    i.ADC_GetDate       battery_voltage.o
    0x08000574   0x08000574   0x00000012   Code   RO          213    i.ADC_GetFlagStatus  stm32f10x_adc.o
    0x08000586   0x08000586   0x00000014   Code   RO          216    i.ADC_GetResetCalibrationStatus  stm32f10x_adc.o
    0x0800059a   0x0800059a   0x00000002   PAD
    0x0800059c   0x0800059c   0x00000050   Code   RO          220    i.ADC_Init          stm32f10x_adc.o
    0x080005ec   0x080005ec   0x000000b8   Code   RO          224    i.ADC_RegularChannelConfig  stm32f10x_adc.o
    0x080006a4   0x080006a4   0x0000000a   Code   RO          225    i.ADC_ResetCalibration  stm32f10x_adc.o
    0x080006ae   0x080006ae   0x00000016   Code   RO          227    i.ADC_SoftwareStartConvCmd  stm32f10x_adc.o
    0x080006c4   0x080006c4   0x0000000a   Code   RO          229    i.ADC_StartCalibration  stm32f10x_adc.o
    0x080006ce   0x080006ce   0x00000002   PAD
    0x080006d0   0x080006d0   0x00000014   Code   RO         3381    i.BEEP_OFF          gpio.o
    0x080006e4   0x080006e4   0x00000014   Code   RO         3382    i.BEEP_ON           gpio.o
    0x080006f8   0x080006f8   0x00000010   Code   RO         3383    i.BLUE_OFF          gpio.o
    0x08000708   0x08000708   0x00000010   Code   RO         3384    i.BLUE_ON           gpio.o
    0x08000718   0x08000718   0x000000a8   Code   RO         3720    i.Battery_Monitor_Init  battery_voltage.o
    0x080007c0   0x080007c0   0x000000e4   Code   RO         3721    i.Battery_Voltage   battery_voltage.o
    0x080008a4   0x080008a4   0x00000060   Code   RO         4660    i.Battery_monitor_Task  processes.o
    0x08000904   0x08000904   0x00000004   Code   RO         4793    i.BusFault_Handler  stm32f10x_it.o
    0x08000908   0x08000908   0x00000084   Code   RO         4661    i.Connection_Status_Monitor_Task  processes.o
    0x0800098c   0x0800098c   0x00000002   Code   RO         4794    i.DebugMon_Handler  stm32f10x_it.o
    0x0800098e   0x0800098e   0x00000018   Code   RO         3196    i.Delay_ms          delay.o
    0x080009a6   0x080009a6   0x0000002e   Code   RO         3198    i.Delay_us          delay.o
    0x080009d4   0x080009d4   0x0000002c   Code   RO         3602    i.EXTI3_IRQHandler  exti.o
    0x08000a00   0x08000a00   0x00000048   Code   RO         3603    i.EXTI4_IRQHandler  exti.o
    0x08000a48   0x08000a48   0x00000090   Code   RO         3604    i.EXTI9_5_IRQHandler  exti.o
    0x08000ad8   0x08000ad8   0x0000000c   Code   RO          985    i.EXTI_ClearITPendingBit  stm32f10x_exti.o
    0x08000ae4   0x08000ae4   0x00000028   Code   RO          989    i.EXTI_GetITStatus  stm32f10x_exti.o
    0x08000b0c   0x08000b0c   0x00000094   Code   RO          990    i.EXTI_Init         stm32f10x_exti.o
    0x08000ba0   0x08000ba0   0x00000030   Code   RO         4760    i.First_Task        task_schedule.o
    0x08000bd0   0x08000bd0   0x0000015c   Code   RO         4662    i.GO_Key_Schedule_Task  processes.o
    0x08000d2c   0x08000d2c   0x00000088   Code   RO         3385    i.GPIOS_Init        gpio.o
    0x08000db4   0x08000db4   0x00000040   Code   RO         1344    i.GPIO_EXTILineConfig  stm32f10x_gpio.o
    0x08000df4   0x08000df4   0x00000116   Code   RO         1347    i.GPIO_Init         stm32f10x_gpio.o
    0x08000f0a   0x08000f0a   0x00000002   PAD
    0x08000f0c   0x08000f0c   0x00000090   Code   RO         1349    i.GPIO_PinRemapConfig  stm32f10x_gpio.o
    0x08000f9c   0x08000f9c   0x00000012   Code   RO         1351    i.GPIO_ReadInputDataBit  stm32f10x_gpio.o
    0x08000fae   0x08000fae   0x00000004   Code   RO         1354    i.GPIO_ResetBits    stm32f10x_gpio.o
    0x08000fb2   0x08000fb2   0x00000004   Code   RO         1355    i.GPIO_SetBits      stm32f10x_gpio.o
    0x08000fb6   0x08000fb6   0x00000002   PAD
    0x08000fb8   0x08000fb8   0x00000010   Code   RO         3386    i.GREEN_OFF         gpio.o
    0x08000fc8   0x08000fc8   0x00000010   Code   RO         3387    i.GREEN_ON          gpio.o
    0x08000fd8   0x08000fd8   0x00000004   Code   RO         4795    i.HardFault_Handler  stm32f10x_it.o
    0x08000fdc   0x08000fdc   0x000001ec   Code   RO         4663    i.Hardware_Init     processes.o
    0x080011c8   0x080011c8   0x00000034   Code   RO         3220    i.I2C_Start         oled.o
    0x080011fc   0x080011fc   0x00000024   Code   RO         3221    i.I2C_Stop          oled.o
    0x08001220   0x08001220   0x0000002c   Code   RO         3222    i.I2C_WaitAck       oled.o
    0x0800124c   0x0800124c   0x00000010   Code   RO         3223    i.IIC_delay         oled.o
    0x0800125c   0x0800125c   0x00000044   Code   RO         4664    i.Indicator_BEEP_Task  processes.o
    0x080012a0   0x080012a0   0x00000074   Code   RO         4665    i.Indicator_LED_Task  processes.o
    0x08001314   0x08001314   0x000000c8   Code   RO         3605    i.KEY_Init          exti.o
    0x080013dc   0x080013dc   0x000000e8   Code   RO         3639    i.Lora_Init         lora_moudule.o
    0x080014c4   0x080014c4   0x00000020   Code   RO         3640    i.Lora_Normal_Mode  lora_moudule.o
    0x080014e4   0x080014e4   0x00000020   Code   RO         3642    i.Lora_SendByte     lora_moudule.o
    0x08001504   0x08001504   0x00000018   Code   RO         4666    i.Lora_Send_Task    processes.o
    0x0800151c   0x0800151c   0x00000004   Code   RO         4796    i.MemManage_Handler  stm32f10x_it.o
    0x08001520   0x08001520   0x00000002   Code   RO         4797    i.NMI_Handler       stm32f10x_it.o
    0x08001522   0x08001522   0x00000002   PAD
    0x08001524   0x08001524   0x00000070   Code   RO          137    i.NVIC_Init         misc.o
    0x08001594   0x08001594   0x00000014   Code   RO          138    i.NVIC_PriorityGroupConfig  misc.o
    0x080015a8   0x080015a8   0x00000030   Code   RO         3224    i.OLED_Clear        oled.o
    0x080015d8   0x080015d8   0x00000078   Code   RO         3231    i.OLED_DrawPoint    oled.o
    0x08001650   0x08001650   0x0000015c   Code   RO         3232    i.OLED_Init         oled.o
    0x080017ac   0x080017ac   0x00000016   Code   RO         3233    i.OLED_Pow          oled.o
    0x080017c2   0x080017c2   0x00000002   PAD
    0x080017c4   0x080017c4   0x00000068   Code   RO         3234    i.OLED_Refresh      oled.o
    0x0800182c   0x0800182c   0x0000013c   Code   RO         3236    i.OLED_ShowChar     oled.o
    0x08001968   0x08001968   0x00000134   Code   RO         3237    i.OLED_ShowChinese  oled.o
    0x08001a9c   0x08001a9c   0x0000008c   Code   RO         3238    i.OLED_ShowNum      oled.o
    0x08001b28   0x08001b28   0x000000d6   Code   RO         3239    i.OLED_ShowPicture  oled.o
    0x08001bfe   0x08001bfe   0x0000004a   Code   RO         3240    i.OLED_ShowString   oled.o
    0x08001c48   0x08001c48   0x000000d0   Code   RO         4667    i.OLED_Task         processes.o
    0x08001d18   0x08001d18   0x00000038   Code   RO         3241    i.OLED_WR_Byte      oled.o
    0x08001d50   0x08001d50   0x0000001c   Code   RO         4668    i.Offline_Task      processes.o
    0x08001d6c   0x08001d6c   0x00000018   Code   RO         1773    i.RCC_ADCCLKConfig  stm32f10x_rcc.o
    0x08001d84   0x08001d84   0x00000020   Code   RO         1777    i.RCC_APB2PeriphClockCmd  stm32f10x_rcc.o
    0x08001da4   0x08001da4   0x00000020   Code   RO         1778    i.RCC_APB2PeriphResetCmd  stm32f10x_rcc.o
    0x08001dc4   0x08001dc4   0x000000d4   Code   RO         1785    i.RCC_GetClocksFreq  stm32f10x_rcc.o
    0x08001e98   0x08001e98   0x00000014   Code   RO         3388    i.RED_OFF           gpio.o
    0x08001eac   0x08001eac   0x00000014   Code   RO         3389    i.RED_ON            gpio.o
    0x08001ec0   0x08001ec0   0x0000004c   Code   RO         3242    i.Send_Byte         oled.o
    0x08001f0c   0x08001f0c   0x00000008   Code   RO           24    i.SetSysClock       system_stm32f10x.o
    0x08001f14   0x08001f14   0x000000e0   Code   RO           25    i.SetSysClockTo72   system_stm32f10x.o
    0x08001ff4   0x08001ff4   0x0000021c   Code   RO         4761    i.Start_Task        task_schedule.o
    0x08002210   0x08002210   0x00000038   Code   RO         4669    i.State_Switch_Judgement_Parallel_Task  processes.o
    0x08002248   0x08002248   0x000000a0   Code   RO         4670    i.State_Transition_Judge_Task  processes.o
    0x080022e8   0x080022e8   0x00000034   Code   RO         4888    i.SysTick_Handler   port.o
    0x0800231c   0x0800231c   0x00000060   Code   RO           27    i.SystemInit        system_stm32f10x.o
    0x0800237c   0x0800237c   0x00000028   Code   RO         3694    i.TIM2_IRQHandler   timer.o
    0x080023a4   0x080023a4   0x00000006   Code   RO         2416    i.TIM_ClearITPendingBit  stm32f10x_tim.o
    0x080023aa   0x080023aa   0x00000002   PAD
    0x080023ac   0x080023ac   0x00000044   Code   RO         3645    i.USART1_IRQHandler  lora_moudule.o
    0x080023f0   0x080023f0   0x0000001e   Code   RO         2957    i.USART_ClearITPendingBit  stm32f10x_usart.o
    0x0800240e   0x0800240e   0x00000018   Code   RO         2960    i.USART_Cmd         stm32f10x_usart.o
    0x08002426   0x08002426   0x0000001a   Code   RO         2963    i.USART_GetFlagStatus  stm32f10x_usart.o
    0x08002440   0x08002440   0x00000054   Code   RO         2964    i.USART_GetITStatus  stm32f10x_usart.o
    0x08002494   0x08002494   0x0000004a   Code   RO         2966    i.USART_ITConfig    stm32f10x_usart.o
    0x080024de   0x080024de   0x00000002   PAD
    0x080024e0   0x080024e0   0x000000d8   Code   RO         2967    i.USART_Init        stm32f10x_usart.o
    0x080025b8   0x080025b8   0x0000000a   Code   RO         2974    i.USART_ReceiveData  stm32f10x_usart.o
    0x080025c2   0x080025c2   0x00000008   Code   RO         2977    i.USART_SendData    stm32f10x_usart.o
    0x080025ca   0x080025ca   0x00000004   Code   RO         4798    i.UsageFault_Handler  stm32f10x_it.o
    0x080025ce   0x080025ce   0x00000002   PAD
    0x080025d0   0x080025d0   0x00000014   Code   RO         3390    i.YELLOW_OFF        gpio.o
    0x080025e4   0x080025e4   0x00000014   Code   RO         3391    i.YELLOW_ON         gpio.o
    0x080025f8   0x080025f8   0x0000000e   Code   RO         4781    i.main              main.o
    0x08002606   0x08002606   0x00000002   PAD
    0x08002608   0x08002608   0x0000007c   Code   RO         4166    i.prvAddCurrentTaskToDelayedList  tasks.o
    0x08002684   0x08002684   0x000000b8   Code   RO         4167    i.prvAddNewTaskToReadyList  tasks.o
    0x0800273c   0x0800273c   0x00000064   Code   RO         4530    i.prvCheckForValidListAndQueue  timers.o
    0x080027a0   0x080027a0   0x00000064   Code   RO         4168    i.prvCheckTasksWaitingTermination  tasks.o
    0x08002804   0x08002804   0x0000002a   Code   RO         3930    i.prvCopyDataFromQueue  queue.o
    0x0800282e   0x0800282e   0x0000007c   Code   RO         3931    i.prvCopyDataToQueue  queue.o
    0x080028aa   0x080028aa   0x00000012   Code   RO         4169    i.prvDeleteTCB      tasks.o
    0x080028bc   0x080028bc   0x00000028   Code   RO         4531    i.prvGetNextExpireTime  timers.o
    0x080028e4   0x080028e4   0x0000007c   Code   RO         4838    i.prvHeapInit       heap_4.o
    0x08002960   0x08002960   0x00000028   Code   RO         4170    i.prvIdleTask       tasks.o
    0x08002988   0x08002988   0x0000002e   Code   RO         3933    i.prvInitialiseNewQueue  queue.o
    0x080029b6   0x080029b6   0x00000090   Code   RO         4171    i.prvInitialiseNewTask  tasks.o
    0x08002a46   0x08002a46   0x00000002   PAD
    0x08002a48   0x08002a48   0x00000068   Code   RO         4172    i.prvInitialiseTaskLists  tasks.o
    0x08002ab0   0x08002ab0   0x00000068   Code   RO         4839    i.prvInsertBlockIntoFreeList  heap_4.o
    0x08002b18   0x08002b18   0x00000058   Code   RO         4533    i.prvInsertTimerInActiveList  timers.o
    0x08002b70   0x08002b70   0x0000001a   Code   RO         3934    i.prvIsQueueEmpty   queue.o
    0x08002b8a   0x08002b8a   0x0000001e   Code   RO         3935    i.prvIsQueueFull    queue.o
    0x08002ba8   0x08002ba8   0x00000052   Code   RO         3936    i.prvNotifyQueueSetContainer  queue.o
    0x08002bfa   0x08002bfa   0x00000002   PAD
    0x08002bfc   0x08002bfc   0x0000004c   Code   RO         4534    i.prvProcessExpiredTimer  timers.o
    0x08002c48   0x08002c48   0x000000d0   Code   RO         4535    i.prvProcessReceivedCommands  timers.o
    0x08002d18   0x08002d18   0x00000074   Code   RO         4536    i.prvProcessTimerOrBlockTask  timers.o
    0x08002d8c   0x08002d8c   0x00000034   Code   RO         4174    i.prvResetNextTaskUnblockTime  tasks.o
    0x08002dc0   0x08002dc0   0x0000002c   Code   RO         4537    i.prvSampleTimeNow  timers.o
    0x08002dec   0x08002dec   0x00000084   Code   RO         4538    i.prvSwitchTimerLists  timers.o
    0x08002e70   0x08002e70   0x00000016   Code   RO         4889    i.prvTaskExitError  port.o
    0x08002e86   0x08002e86   0x0000001a   Code   RO         4539    i.prvTimerTask      timers.o
    0x08002ea0   0x08002ea0   0x00000092   Code   RO         3937    i.prvUnlockQueue    queue.o
    0x08002f32   0x08002f32   0x00000002   PAD
    0x08002f34   0x08002f34   0x000000d0   Code   RO         4840    i.pvPortMalloc      heap_4.o
    0x08003004   0x08003004   0x00000020   Code   RO         4178    i.pvTaskIncrementMutexHeldCount  tasks.o
    0x08003024   0x08003024   0x00000024   Code   RO         4890    i.pxPortInitialiseStack  port.o
    0x08003048   0x08003048   0x00000028   Code   RO         3893    i.uxListRemove      list.o
    0x08003070   0x08003070   0x0000001a   Code   RO         3894    i.vListInitialise   list.o
    0x0800308a   0x0800308a   0x00000006   Code   RO         3895    i.vListInitialiseItem  list.o
    0x08003090   0x08003090   0x00000034   Code   RO         3896    i.vListInsert       list.o
    0x080030c4   0x080030c4   0x00000018   Code   RO         3897    i.vListInsertEnd    list.o
    0x080030dc   0x080030dc   0x00000024   Code   RO         4892    i.vPortEnterCritical  port.o
    0x08003100   0x08003100   0x00000020   Code   RO         4893    i.vPortExitCritical  port.o
    0x08003120   0x08003120   0x00000048   Code   RO         4841    i.vPortFree         heap_4.o
    0x08003168   0x08003168   0x00000020   Code   RO         4894    i.vPortSetupTimerInterrupt  port.o
    0x08003188   0x08003188   0x0000002c   Code   RO         3943    i.vQueueAddToRegistry  queue.o
    0x080031b4   0x080031b4   0x0000004a   Code   RO         3947    i.vQueueWaitForMessageRestricted  queue.o
    0x080031fe   0x080031fe   0x00000002   PAD
    0x08003200   0x08003200   0x00000034   Code   RO         4186    i.vTaskDelay        tasks.o
    0x08003234   0x08003234   0x000000a0   Code   RO         4188    i.vTaskDelete       tasks.o
    0x080032d4   0x080032d4   0x0000000c   Code   RO         4192    i.vTaskMissedYield  tasks.o
    0x080032e0   0x080032e0   0x00000020   Code   RO         4194    i.vTaskPlaceOnEventList  tasks.o
    0x08003300   0x08003300   0x00000028   Code   RO         4195    i.vTaskPlaceOnEventListRestricted  tasks.o
    0x08003328   0x08003328   0x0000008c   Code   RO         4197    i.vTaskPriorityInherit  tasks.o
    0x080033b4   0x080033b4   0x00000018   Code   RO         4201    i.vTaskSetTimeOutState  tasks.o
    0x080033cc   0x080033cc   0x00000070   Code   RO         4202    i.vTaskStartScheduler  tasks.o
    0x0800343c   0x0800343c   0x00000010   Code   RO         4204    i.vTaskSuspendAll   tasks.o
    0x0800344c   0x0800344c   0x00000078   Code   RO         4205    i.vTaskSwitchContext  tasks.o
    0x080034c4   0x080034c4   0x00000034   Code   RO         4895    i.xPortStartScheduler  port.o
    0x080034f8   0x080034f8   0x00000038   Code   RO         3952    i.xQueueGenericCreate  queue.o
    0x08003530   0x08003530   0x0000015c   Code   RO         3953    i.xQueueGenericReceive  queue.o
    0x0800368c   0x0800368c   0x00000080   Code   RO         3954    i.xQueueGenericReset  queue.o
    0x0800370c   0x0800370c   0x00000138   Code   RO         3955    i.xQueueGenericSend  queue.o
    0x08003844   0x08003844   0x0000009c   Code   RO         3956    i.xQueueGenericSendFromISR  queue.o
    0x080038e0   0x080038e0   0x0000005c   Code   RO         4206    i.xTaskCheckForTimeOut  tasks.o
    0x0800393c   0x0800393c   0x00000060   Code   RO         4207    i.xTaskCreate       tasks.o
    0x0800399c   0x0800399c   0x00000020   Code   RO         4211    i.xTaskGetSchedulerState  tasks.o
    0x080039bc   0x080039bc   0x0000000c   Code   RO         4212    i.xTaskGetTickCount  tasks.o
    0x080039c8   0x080039c8   0x00000118   Code   RO         4214    i.xTaskIncrementTick  tasks.o
    0x08003ae0   0x08003ae0   0x00000060   Code   RO         4217    i.xTaskPriorityDisinherit  tasks.o
    0x08003b40   0x08003b40   0x00000080   Code   RO         4218    i.xTaskRemoveFromEventList  tasks.o
    0x08003bc0   0x08003bc0   0x000000e8   Code   RO         4220    i.xTaskResumeAll    tasks.o
    0x08003ca8   0x08003ca8   0x0000003c   Code   RO         4543    i.xTimerCreateTimerTask  timers.o
    0x08003ce4   0x08003ce4   0x0000006c   Code   RO         4544    i.xTimerGenericCommand  timers.o
    0x08003d50   0x08003d50   0x00000062   Code   RO         5005    x$fpl$d2f           fz_ws.l(d2f.o)
    0x08003db2   0x08003db2   0x00000002   PAD
    0x08003db4   0x08003db4   0x000002b0   Code   RO         5008    x$fpl$ddiv          fz_ws.l(ddiv.o)
    0x08004064   0x08004064   0x00000154   Code   RO         5011    x$fpl$dmul          fz_ws.l(dmul.o)
    0x080041b8   0x080041b8   0x0000009c   Code   RO         5045    x$fpl$dnaninf       fz_ws.l(dnaninf.o)
    0x08004254   0x08004254   0x0000000c   Code   RO         5047    x$fpl$dretinf       fz_ws.l(dretinf.o)
    0x08004260   0x08004260   0x00000056   Code   RO         5013    x$fpl$f2d           fz_ws.l(f2d.o)
    0x080042b6   0x080042b6   0x00000002   PAD
    0x080042b8   0x080042b8   0x00000184   Code   RO         5016    x$fpl$fdiv          fz_ws.l(fdiv.o)
    0x0800443c   0x0800443c   0x00000036   Code   RO         5019    x$fpl$ffix          fz_ws.l(ffix.o)
    0x08004472   0x08004472   0x00000002   PAD
    0x08004474   0x08004474   0x00000026   Code   RO         5023    x$fpl$ffltu         fz_ws.l(fflt_clz.o)
    0x0800449a   0x0800449a   0x00000002   PAD
    0x0800449c   0x0800449c   0x00000102   Code   RO         5029    x$fpl$fmul          fz_ws.l(fmul.o)
    0x0800459e   0x0800459e   0x0000008c   Code   RO         5049    x$fpl$fnaninf       fz_ws.l(fnaninf.o)
    0x0800462a   0x0800462a   0x0000000a   Code   RO         5051    x$fpl$fretinf       fz_ws.l(fretinf.o)
    0x08004634   0x08004634   0x00000000   Code   RO         5053    x$fpl$usenofp       fz_ws.l(usenofp.o)
    0x08004634   0x08004634   0x00002270   Data   RO         3244    .constdata          oled.o
    0x080068a4   0x080068a4   0x00000020   Data   RO         5212    Region$$Table       anon$$obj.o


    Execution Region RW_IRAM1 (Exec base: 0x20000000, Load base: 0x080068c4, Size: 0x000022d0, Max: 0x00005000, ABSOLUTE, COMPRESSED[0x000001d8])

    Exec Addr    Load Addr    Size         Type   Attr      Idx    E Section Name        Object

    0x20000000   COMPRESSED   0x00000014   Data   RW           28    .data               system_stm32f10x.o
    0x20000014   COMPRESSED   0x00000014   Data   RW         1805    .data               stm32f10x_rcc.o
    0x20000028   COMPRESSED   0x00000015   Data   RW         3606    .data               exti.o
    0x2000003d   COMPRESSED   0x00000003   PAD
    0x20000040   COMPRESSED   0x00000011   Data   RW         3646    .data               lora_moudule.o
    0x20000051   COMPRESSED   0x00000003   PAD
    0x20000054   COMPRESSED   0x00000004   Data   RW         3696    .data               timer.o
    0x20000058   COMPRESSED   0x00000010   Data   RW         3722    .data               battery_voltage.o
    0x20000068   COMPRESSED   0x0000003c   Data   RW         4223    .data               tasks.o
    0x200000a4   COMPRESSED   0x00000014   Data   RW         4552    .data               timers.o
    0x200000b8   COMPRESSED   0x00000400   Data   RW         4671    .data               processes.o
    0x200004b8   COMPRESSED   0x0000002c   Data   RW         4762    .data               task_schedule.o
    0x200004e4   COMPRESSED   0x00000018   Data   RW         4846    .data               heap_4.o
    0x200004fc   COMPRESSED   0x00000004   Data   RW         4896    .data               port.o
    0x20000500        -       0x00000240   Zero   RW         3243    .bss                oled.o
    0x20000740        -       0x00000040   Zero   RW         3967    .bss                queue.o
    0x20000780        -       0x000000c8   Zero   RW         4222    .bss                tasks.o
    0x20000848        -       0x00000028   Zero   RW         4551    .bss                timers.o
    0x20000870        -       0x00001400   Zero   RW         4845    .bss                heap_4.o
    0x20001c70        -       0x00000060   Zero   RW         5084    .bss                c_w.l(libspace.o)
    0x20001cd0        -       0x00000200   Zero   RW            2    HEAP                startup_stm32f10x_md.o
    0x20001ed0        -       0x00000400   Zero   RW            1    STACK               startup_stm32f10x_md.o


==============================================================================

Image component sizes


      Code (inc. data)   RO Data    RW Data    ZI Data      Debug   Object Name

       432         52          0         16          0       2168   battery_voltage.o
         0          0          0          0          0       4540   core_cm3.o
         0          0          0          0          0       9576   croutine.o
        70          0          0          0          0        938   delay.o
         0          0          0          0          0       9876   event_groups.o
       460         52          0         21          0       2721   exti.o
       320         60          0          0          0     234202   gpio.o
       508         62          0         24       5120       3715   heap_4.o
       148          0          0          0          0       3046   list.o
       364         42          0         17          0       2907   lora_moudule.o
        14          0          0          0          0        471   main.o
       132         22          0          0          0     204779   misc.o
      1974         84       8816          0        576      13321   oled.o
       412         50          0          4          0       8548   port.o
      1728        178          0       1024          0       7219   processes.o
      1614         22          0          0         64      15177   queue.o
        64         26        236          0       1536        824   startup_stm32f10x_md.o
       508         24          0          0          0      17695   stm32f10x_adc.o
       200         18          0          0          0       4104   stm32f10x_exti.o
       512         10          0          0          0      13192   stm32f10x_gpio.o
        20          0          0          0          0       2525   stm32f10x_it.o
       300         38          0         20          0      13489   stm32f10x_rcc.o
         6          0          0          0          0      21308   stm32f10x_tim.o
       472          6          0          0          0      12499   stm32f10x_usart.o
       328         28          0         20          0      19181   system_stm32f10x.o
       588        338          0         44          0       2015   task_schedule.o
      2474        390          0         60        200      27791   tasks.o
        40          6          0          4          0        740   timer.o
       998        114          0         20         40       8395   timers.o

    ----------------------------------------------------------------------
     14718       1622       9084       1280       7536     666962   Object Totals
         0          0         32          0          0          0   (incl. Generated)
        32          0          0          6          0          0   (incl. Padding)

    ----------------------------------------------------------------------

      Code (inc. data)   RO Data    RW Data    ZI Data      Debug   Library Member Name

        90          0          0          0          0          0   __dczerorl2.o
         8          0          0          0          0         68   __main.o
         0          0          0          0          0          0   __rtentry.o
        12          0          0          0          0          0   __rtentry2.o
         6          0          0          0          0          0   __rtentry4.o
        52          8          0          0          0          0   __scatter.o
        28          0          0          0          0          0   __scatter_zi.o
        16          0          0          0          0         68   aeabi_memset.o
        18          0          0          0          0         80   exit.o
         6          0          0          0          0        152   heapauxi.o
         0          0          0          0          0          0   indicate_semi.o
         2          0          0          0          0          0   libinit.o
         2          0          0          0          0          0   libinit2.o
         2          0          0          0          0          0   libshutdown.o
         2          0          0          0          0          0   libshutdown2.o
         8          4          0          0         96         68   libspace.o
        68          0          0          0          0         68   rt_memclr.o
        78          0          0          0          0         80   rt_memclr_w.o
       138          0          0          0          0         68   rt_memcpy_v6.o
       100          0          0          0          0         80   rt_memcpy_w.o
         2          0          0          0          0          0   rtexit.o
        10          0          0          0          0          0   rtexit2.o
        12          4          0          0          0         68   sys_exit.o
        74          0          0          0          0         80   sys_stackheap_outer.o
         2          0          0          0          0         68   use_no_semi.o
        98          4          0          0          0         92   d2f.o
       688        140          0          0          0        208   ddiv.o
       340         12          0          0          0        104   dmul.o
       156          4          0          0          0         92   dnaninf.o
        12          0          0          0          0         68   dretinf.o
        86          4          0          0          0         84   f2d.o
       388         76          0          0          0         96   fdiv.o
        54          4          0          0          0         84   ffix.o
        38          0          0          0          0         68   fflt_clz.o
       258          4          0          0          0         84   fmul.o
       140          4          0          0          0         84   fnaninf.o
        10          0          0          0          0         68   fretinf.o
         0          0          0          0          0          0   usenofp.o

    ----------------------------------------------------------------------
      3018        268          0          0         96       2080   Library Totals
        14          0          0          0          0          0   (incl. Padding)

    ----------------------------------------------------------------------

      Code (inc. data)   RO Data    RW Data    ZI Data      Debug   Library Name

       736         16          0          0         96        948   c_w.l
      2268        252          0          0          0       1132   fz_ws.l

    ----------------------------------------------------------------------
      3018        268          0          0         96       2080   Library Totals

    ----------------------------------------------------------------------

==============================================================================


      Code (inc. data)   RO Data    RW Data    ZI Data      Debug   

     17736       1890       9084       1280       7632     659418   Grand Totals
     17736       1890       9084        472       7632     659418   ELF Image Totals (compressed)
     17736       1890       9084        472          0          0   ROM Totals

==============================================================================

    Total RO  Size (Code + RO Data)                26820 (  26.19kB)
    Total RW  Size (RW Data + ZI Data)              8912 (   8.70kB)
    Total ROM Size (Code + RO Data + RW Data)      27292 (  26.65kB)

==============================================================================

